[0.090s] DEBUG:colcon:Command line arguments: ['/usr/bin/colcon', 'build']
[0.090s] DEBUG:colcon:Parsed command line arguments: Namespace(log_base=None, log_level=None, verb_name='build', build_base='build', install_base='install', merge_install=False, symlink_install=False, test_result_base=None, continue_on_error=False, executor='parallel', parallel_workers=5, event_handlers=None, ignore_user_meta=False, metas=['./colcon.meta'], base_paths=['.'], packages_ignore=None, packages_ignore_regex=None, paths=None, packages_up_to=None, packages_up_to_regex=None, packages_above=None, packages_above_and_dependencies=None, packages_above_depth=None, packages_select_by_dep=None, packages_skip_by_dep=None, packages_skip_up_to=None, packages_select_build_failed=False, packages_skip_build_finished=False, packages_select_test_failures=False, packages_skip_test_passed=False, packages_select=None, packages_skip=None, packages_select_regex=None, packages_skip_regex=None, packages_start=None, packages_end=None, cmake_args=None, cmake_target=None, cmake_target_skip_unavailable=False, cmake_clean_cache=False, cmake_clean_first=False, cmake_force_configure=False, ament_cmake_args=None, catkin_cmake_args=None, catkin_skip_building_tests=False, mixin_files=None, mixin=None, verb_parser=<colcon_mixin.mixin.mixin_argument.MixinArgumentDecorator object at 0xffff847b4700>, verb_extension=<colcon_core.verb.build.BuildVerb object at 0xffff847b4130>, main=<bound method BuildVerb.main of <colcon_core.verb.build.BuildVerb object at 0xffff847b4130>>, mixin_verb=('build',))
[0.153s] Level 1:colcon.colcon_core.package_discovery:discover_packages(colcon_meta) check parameters
[0.153s] Level 1:colcon.colcon_core.package_discovery:discover_packages(recursive) check parameters
[0.153s] Level 1:colcon.colcon_core.package_discovery:discover_packages(ignore) check parameters
[0.153s] Level 1:colcon.colcon_core.package_discovery:discover_packages(path) check parameters
[0.153s] Level 1:colcon.colcon_core.package_discovery:discover_packages(colcon_meta) discover
[0.153s] Level 1:colcon.colcon_core.package_discovery:discover_packages(recursive) discover
[0.153s] INFO:colcon.colcon_core.package_discovery:Crawling recursively for packages in '/ws'
[0.154s] Level 1:colcon.colcon_core.package_identification:_identify(.) by extensions ['ignore', 'ignore_ament_install']
[0.154s] Level 1:colcon.colcon_core.package_identification:_identify(.) by extension 'ignore'
[0.154s] Level 1:colcon.colcon_core.package_identification:_identify(.) by extension 'ignore_ament_install'
[0.154s] Level 1:colcon.colcon_core.package_identification:_identify(.) by extensions ['colcon_pkg']
[0.154s] Level 1:colcon.colcon_core.package_identification:_identify(.) by extension 'colcon_pkg'
[0.154s] Level 1:colcon.colcon_core.package_identification:_identify(.) by extensions ['colcon_meta']
[0.154s] Level 1:colcon.colcon_core.package_identification:_identify(.) by extension 'colcon_meta'
[0.154s] Level 1:colcon.colcon_core.package_identification:_identify(.) by extensions ['ros']
[0.154s] Level 1:colcon.colcon_core.package_identification:_identify(.) by extension 'ros'
[0.174s] Level 1:colcon.colcon_core.package_identification:_identify(.) by extensions ['cmake', 'python']
[0.174s] Level 1:colcon.colcon_core.package_identification:_identify(.) by extension 'cmake'
[0.174s] Level 1:colcon.colcon_core.package_identification:_identify(.) by extension 'python'
[0.174s] Level 1:colcon.colcon_core.package_identification:_identify(.) by extensions ['python_setup_py']
[0.174s] Level 1:colcon.colcon_core.package_identification:_identify(.) by extension 'python_setup_py'
[0.174s] Level 1:colcon.colcon_core.package_identification:_identify(bags) by extensions ['ignore', 'ignore_ament_install']
[0.174s] Level 1:colcon.colcon_core.package_identification:_identify(bags) by extension 'ignore'
[0.174s] Level 1:colcon.colcon_core.package_identification:_identify(bags) by extension 'ignore_ament_install'
[0.174s] Level 1:colcon.colcon_core.package_identification:_identify(bags) by extensions ['colcon_pkg']
[0.174s] Level 1:colcon.colcon_core.package_identification:_identify(bags) by extension 'colcon_pkg'
[0.174s] Level 1:colcon.colcon_core.package_identification:_identify(bags) by extensions ['colcon_meta']
[0.174s] Level 1:colcon.colcon_core.package_identification:_identify(bags) by extension 'colcon_meta'
[0.174s] Level 1:colcon.colcon_core.package_identification:_identify(bags) by extensions ['ros']
[0.174s] Level 1:colcon.colcon_core.package_identification:_identify(bags) by extension 'ros'
[0.174s] Level 1:colcon.colcon_core.package_identification:_identify(bags) by extensions ['cmake', 'python']
[0.174s] Level 1:colcon.colcon_core.package_identification:_identify(bags) by extension 'cmake'
[0.174s] Level 1:colcon.colcon_core.package_identification:_identify(bags) by extension 'python'
[0.174s] Level 1:colcon.colcon_core.package_identification:_identify(bags) by extensions ['python_setup_py']
[0.174s] Level 1:colcon.colcon_core.package_identification:_identify(bags) by extension 'python_setup_py'
[0.174s] Level 1:colcon.colcon_core.package_identification:_identify(bags/rosbag2_2026_03_04-02_18_09) by extensions ['ignore', 'ignore_ament_install']
[0.175s] Level 1:colcon.colcon_core.package_identification:_identify(bags/rosbag2_2026_03_04-02_18_09) by extension 'ignore'
[0.175s] Level 1:colcon.colcon_core.package_identification:_identify(bags/rosbag2_2026_03_04-02_18_09) by extension 'ignore_ament_install'
[0.175s] Level 1:colcon.colcon_core.package_identification:_identify(bags/rosbag2_2026_03_04-02_18_09) by extensions ['colcon_pkg']
[0.175s] Level 1:colcon.colcon_core.package_identification:_identify(bags/rosbag2_2026_03_04-02_18_09) by extension 'colcon_pkg'
[0.175s] Level 1:colcon.colcon_core.package_identification:_identify(bags/rosbag2_2026_03_04-02_18_09) by extensions ['colcon_meta']
[0.175s] Level 1:colcon.colcon_core.package_identification:_identify(bags/rosbag2_2026_03_04-02_18_09) by extension 'colcon_meta'
[0.175s] Level 1:colcon.colcon_core.package_identification:_identify(bags/rosbag2_2026_03_04-02_18_09) by extensions ['ros']
[0.175s] Level 1:colcon.colcon_core.package_identification:_identify(bags/rosbag2_2026_03_04-02_18_09) by extension 'ros'
[0.175s] Level 1:colcon.colcon_core.package_identification:_identify(bags/rosbag2_2026_03_04-02_18_09) by extensions ['cmake', 'python']
[0.175s] Level 1:colcon.colcon_core.package_identification:_identify(bags/rosbag2_2026_03_04-02_18_09) by extension 'cmake'
[0.175s] Level 1:colcon.colcon_core.package_identification:_identify(bags/rosbag2_2026_03_04-02_18_09) by extension 'python'
[0.175s] Level 1:colcon.colcon_core.package_identification:_identify(bags/rosbag2_2026_03_04-02_18_09) by extensions ['python_setup_py']
[0.175s] Level 1:colcon.colcon_core.package_identification:_identify(bags/rosbag2_2026_03_04-02_18_09) by extension 'python_setup_py'
[0.175s] Level 1:colcon.colcon_core.package_identification:_identify(bags/rosbag2_2026_03_05-01_05_02) by extensions ['ignore', 'ignore_ament_install']
[0.175s] Level 1:colcon.colcon_core.package_identification:_identify(bags/rosbag2_2026_03_05-01_05_02) by extension 'ignore'
[0.175s] Level 1:colcon.colcon_core.package_identification:_identify(bags/rosbag2_2026_03_05-01_05_02) by extension 'ignore_ament_install'
[0.175s] Level 1:colcon.colcon_core.package_identification:_identify(bags/rosbag2_2026_03_05-01_05_02) by extensions ['colcon_pkg']
[0.175s] Level 1:colcon.colcon_core.package_identification:_identify(bags/rosbag2_2026_03_05-01_05_02) by extension 'colcon_pkg'
[0.175s] Level 1:colcon.colcon_core.package_identification:_identify(bags/rosbag2_2026_03_05-01_05_02) by extensions ['colcon_meta']
[0.175s] Level 1:colcon.colcon_core.package_identification:_identify(bags/rosbag2_2026_03_05-01_05_02) by extension 'colcon_meta'
[0.175s] Level 1:colcon.colcon_core.package_identification:_identify(bags/rosbag2_2026_03_05-01_05_02) by extensions ['ros']
[0.175s] Level 1:colcon.colcon_core.package_identification:_identify(bags/rosbag2_2026_03_05-01_05_02) by extension 'ros'
[0.175s] Level 1:colcon.colcon_core.package_identification:_identify(bags/rosbag2_2026_03_05-01_05_02) by extensions ['cmake', 'python']
[0.175s] Level 1:colcon.colcon_core.package_identification:_identify(bags/rosbag2_2026_03_05-01_05_02) by extension 'cmake'
[0.175s] Level 1:colcon.colcon_core.package_identification:_identify(bags/rosbag2_2026_03_05-01_05_02) by extension 'python'
[0.175s] Level 1:colcon.colcon_core.package_identification:_identify(bags/rosbag2_2026_03_05-01_05_02) by extensions ['python_setup_py']
[0.175s] Level 1:colcon.colcon_core.package_identification:_identify(bags/rosbag2_2026_03_05-01_05_02) by extension 'python_setup_py'
[0.175s] Level 1:colcon.colcon_core.package_identification:_identify(build) by extensions ['ignore', 'ignore_ament_install']
[0.175s] Level 1:colcon.colcon_core.package_identification:_identify(build) by extension 'ignore'
[0.175s] Level 1:colcon.colcon_core.package_identification:_identify(build) ignored
[0.175s] Level 1:colcon.colcon_core.package_identification:_identify(install) by extensions ['ignore', 'ignore_ament_install']
[0.175s] Level 1:colcon.colcon_core.package_identification:_identify(install) by extension 'ignore'
[0.175s] Level 1:colcon.colcon_core.package_identification:_identify(install) ignored
[0.175s] Level 1:colcon.colcon_core.package_identification:_identify(log) by extensions ['ignore', 'ignore_ament_install']
[0.175s] Level 1:colcon.colcon_core.package_identification:_identify(log) by extension 'ignore'
[0.176s] Level 1:colcon.colcon_core.package_identification:_identify(log) ignored
[0.176s] Level 1:colcon.colcon_core.package_identification:_identify(src) by extensions ['ignore', 'ignore_ament_install']
[0.176s] Level 1:colcon.colcon_core.package_identification:_identify(src) by extension 'ignore'
[0.176s] Level 1:colcon.colcon_core.package_identification:_identify(src) by extension 'ignore_ament_install'
[0.176s] Level 1:colcon.colcon_core.package_identification:_identify(src) by extensions ['colcon_pkg']
[0.176s] Level 1:colcon.colcon_core.package_identification:_identify(src) by extension 'colcon_pkg'
[0.176s] Level 1:colcon.colcon_core.package_identification:_identify(src) by extensions ['colcon_meta']
[0.176s] Level 1:colcon.colcon_core.package_identification:_identify(src) by extension 'colcon_meta'
[0.176s] Level 1:colcon.colcon_core.package_identification:_identify(src) by extensions ['ros']
[0.176s] Level 1:colcon.colcon_core.package_identification:_identify(src) by extension 'ros'
[0.176s] Level 1:colcon.colcon_core.package_identification:_identify(src) by extensions ['cmake', 'python']
[0.176s] Level 1:colcon.colcon_core.package_identification:_identify(src) by extension 'cmake'
[0.176s] Level 1:colcon.colcon_core.package_identification:_identify(src) by extension 'python'
[0.176s] Level 1:colcon.colcon_core.package_identification:_identify(src) by extensions ['python_setup_py']
[0.176s] Level 1:colcon.colcon_core.package_identification:_identify(src) by extension 'python_setup_py'
[0.176s] Level 1:colcon.colcon_core.package_identification:_identify(src/dbscan_clustering) by extensions ['ignore', 'ignore_ament_install']
[0.176s] Level 1:colcon.colcon_core.package_identification:_identify(src/dbscan_clustering) by extension 'ignore'
[0.176s] Level 1:colcon.colcon_core.package_identification:_identify(src/dbscan_clustering) by extension 'ignore_ament_install'
[0.176s] Level 1:colcon.colcon_core.package_identification:_identify(src/dbscan_clustering) by extensions ['colcon_pkg']
[0.176s] Level 1:colcon.colcon_core.package_identification:_identify(src/dbscan_clustering) by extension 'colcon_pkg'
[0.176s] Level 1:colcon.colcon_core.package_identification:_identify(src/dbscan_clustering) by extensions ['colcon_meta']
[0.176s] Level 1:colcon.colcon_core.package_identification:_identify(src/dbscan_clustering) by extension 'colcon_meta'
[0.176s] Level 1:colcon.colcon_core.package_identification:_identify(src/dbscan_clustering) by extensions ['ros']
[0.176s] Level 1:colcon.colcon_core.package_identification:_identify(src/dbscan_clustering) by extension 'ros'
[0.177s] DEBUG:colcon.colcon_core.package_identification:Package 'src/dbscan_clustering' with type 'ros.ament_python' and name 'dbscan_clustering'
[0.177s] Level 1:colcon.colcon_core.package_identification:_identify(src/detection_2_5d) by extensions ['ignore', 'ignore_ament_install']
[0.178s] Level 1:colcon.colcon_core.package_identification:_identify(src/detection_2_5d) by extension 'ignore'
[0.178s] Level 1:colcon.colcon_core.package_identification:_identify(src/detection_2_5d) by extension 'ignore_ament_install'
[0.178s] Level 1:colcon.colcon_core.package_identification:_identify(src/detection_2_5d) by extensions ['colcon_pkg']
[0.178s] Level 1:colcon.colcon_core.package_identification:_identify(src/detection_2_5d) by extension 'colcon_pkg'
[0.178s] Level 1:colcon.colcon_core.package_identification:_identify(src/detection_2_5d) by extensions ['colcon_meta']
[0.178s] Level 1:colcon.colcon_core.package_identification:_identify(src/detection_2_5d) by extension 'colcon_meta'
[0.178s] Level 1:colcon.colcon_core.package_identification:_identify(src/detection_2_5d) by extensions ['ros']
[0.178s] Level 1:colcon.colcon_core.package_identification:_identify(src/detection_2_5d) by extension 'ros'
[0.178s] DEBUG:colcon.colcon_core.package_identification:Package 'src/detection_2_5d' with type 'ros.ament_python' and name 'detection_2_5d'
[0.178s] Level 1:colcon.colcon_core.package_identification:_identify(src/detections_2d) by extensions ['ignore', 'ignore_ament_install']
[0.178s] Level 1:colcon.colcon_core.package_identification:_identify(src/detections_2d) by extension 'ignore'
[0.178s] Level 1:colcon.colcon_core.package_identification:_identify(src/detections_2d) by extension 'ignore_ament_install'
[0.178s] Level 1:colcon.colcon_core.package_identification:_identify(src/detections_2d) by extensions ['colcon_pkg']
[0.178s] Level 1:colcon.colcon_core.package_identification:_identify(src/detections_2d) by extension 'colcon_pkg'
[0.178s] Level 1:colcon.colcon_core.package_identification:_identify(src/detections_2d) by extensions ['colcon_meta']
[0.178s] Level 1:colcon.colcon_core.package_identification:_identify(src/detections_2d) by extension 'colcon_meta'
[0.178s] Level 1:colcon.colcon_core.package_identification:_identify(src/detections_2d) by extensions ['ros']
[0.178s] Level 1:colcon.colcon_core.package_identification:_identify(src/detections_2d) by extension 'ros'
[0.178s] Level 1:colcon.colcon_core.package_identification:_identify(src/detections_2d) by extensions ['cmake', 'python']
[0.179s] Level 1:colcon.colcon_core.package_identification:_identify(src/detections_2d) by extension 'cmake'
[0.179s] Level 1:colcon.colcon_core.package_identification:_identify(src/detections_2d) by extension 'python'
[0.179s] Level 1:colcon.colcon_core.package_identification:_identify(src/detections_2d) by extensions ['python_setup_py']
[0.179s] Level 1:colcon.colcon_core.package_identification:_identify(src/detections_2d) by extension 'python_setup_py'
[0.179s] Level 1:colcon.colcon_core.package_identification:_identify(src/detections_2d/detections_2d) by extensions ['ignore', 'ignore_ament_install']
[0.179s] Level 1:colcon.colcon_core.package_identification:_identify(src/detections_2d/detections_2d) by extension 'ignore'
[0.179s] Level 1:colcon.colcon_core.package_identification:_identify(src/detections_2d/detections_2d) by extension 'ignore_ament_install'
[0.179s] Level 1:colcon.colcon_core.package_identification:_identify(src/detections_2d/detections_2d) by extensions ['colcon_pkg']
[0.179s] Level 1:colcon.colcon_core.package_identification:_identify(src/detections_2d/detections_2d) by extension 'colcon_pkg'
[0.179s] Level 1:colcon.colcon_core.package_identification:_identify(src/detections_2d/detections_2d) by extensions ['colcon_meta']
[0.179s] Level 1:colcon.colcon_core.package_identification:_identify(src/detections_2d/detections_2d) by extension 'colcon_meta'
[0.179s] Level 1:colcon.colcon_core.package_identification:_identify(src/detections_2d/detections_2d) by extensions ['ros']
[0.179s] Level 1:colcon.colcon_core.package_identification:_identify(src/detections_2d/detections_2d) by extension 'ros'
[0.179s] DEBUG:colcon.colcon_core.package_identification:Package 'src/detections_2d/detections_2d' with type 'ros.ament_python' and name 'detections_2d'
[0.179s] Level 1:colcon.colcon_core.package_identification:_identify(src/lidar_camera_fusion) by extensions ['ignore', 'ignore_ament_install']
[0.179s] Level 1:colcon.colcon_core.package_identification:_identify(src/lidar_camera_fusion) by extension 'ignore'
[0.179s] Level 1:colcon.colcon_core.package_identification:_identify(src/lidar_camera_fusion) by extension 'ignore_ament_install'
[0.179s] Level 1:colcon.colcon_core.package_identification:_identify(src/lidar_camera_fusion) by extensions ['colcon_pkg']
[0.179s] Level 1:colcon.colcon_core.package_identification:_identify(src/lidar_camera_fusion) by extension 'colcon_pkg'
[0.179s] Level 1:colcon.colcon_core.package_identification:_identify(src/lidar_camera_fusion) by extensions ['colcon_meta']
[0.179s] Level 1:colcon.colcon_core.package_identification:_identify(src/lidar_camera_fusion) by extension 'colcon_meta'
[0.179s] Level 1:colcon.colcon_core.package_identification:_identify(src/lidar_camera_fusion) by extensions ['ros']
[0.179s] Level 1:colcon.colcon_core.package_identification:_identify(src/lidar_camera_fusion) by extension 'ros'
[0.180s] DEBUG:colcon.colcon_core.package_identification:Package 'src/lidar_camera_fusion' with type 'ros.ament_python' and name 'lidar_camera_fusion'
[0.180s] Level 1:colcon.colcon_core.package_discovery:discover_packages(recursive) using defaults
[0.180s] Level 1:colcon.colcon_core.package_discovery:discover_packages(ignore) discover
[0.180s] Level 1:colcon.colcon_core.package_discovery:discover_packages(ignore) using defaults
[0.180s] Level 1:colcon.colcon_core.package_discovery:discover_packages(path) discover
[0.180s] Level 1:colcon.colcon_core.package_discovery:discover_packages(path) using defaults
[0.198s] Level 5:colcon.colcon_core.verb:set package 'dbscan_clustering' build argument 'cmake_args' from command line to 'None'
[0.198s] Level 5:colcon.colcon_core.verb:set package 'dbscan_clustering' build argument 'cmake_target' from command line to 'None'
[0.198s] Level 5:colcon.colcon_core.verb:set package 'dbscan_clustering' build argument 'cmake_target_skip_unavailable' from command line to 'False'
[0.198s] Level 5:colcon.colcon_core.verb:set package 'dbscan_clustering' build argument 'cmake_clean_cache' from command line to 'False'
[0.198s] Level 5:colcon.colcon_core.verb:set package 'dbscan_clustering' build argument 'cmake_clean_first' from command line to 'False'
[0.198s] Level 5:colcon.colcon_core.verb:set package 'dbscan_clustering' build argument 'cmake_force_configure' from command line to 'False'
[0.198s] Level 5:colcon.colcon_core.verb:set package 'dbscan_clustering' build argument 'ament_cmake_args' from command line to 'None'
[0.198s] Level 5:colcon.colcon_core.verb:set package 'dbscan_clustering' build argument 'catkin_cmake_args' from command line to 'None'
[0.198s] Level 5:colcon.colcon_core.verb:set package 'dbscan_clustering' build argument 'catkin_skip_building_tests' from command line to 'False'
[0.198s] DEBUG:colcon.colcon_core.verb:Building package 'dbscan_clustering' with the following arguments: {'ament_cmake_args': None, 'build_base': '/ws/build/dbscan_clustering', 'catkin_cmake_args': None, 'catkin_skip_building_tests': False, 'cmake_args': None, 'cmake_clean_cache': False, 'cmake_clean_first': False, 'cmake_force_configure': False, 'cmake_target': None, 'cmake_target_skip_unavailable': False, 'install_base': '/ws/install/dbscan_clustering', 'merge_install': False, 'path': '/ws/src/dbscan_clustering', 'symlink_install': False, 'test_result_base': None}
[0.198s] Level 5:colcon.colcon_core.verb:set package 'detection_2_5d' build argument 'cmake_args' from command line to 'None'
[0.198s] Level 5:colcon.colcon_core.verb:set package 'detection_2_5d' build argument 'cmake_target' from command line to 'None'
[0.198s] Level 5:colcon.colcon_core.verb:set package 'detection_2_5d' build argument 'cmake_target_skip_unavailable' from command line to 'False'
[0.198s] Level 5:colcon.colcon_core.verb:set package 'detection_2_5d' build argument 'cmake_clean_cache' from command line to 'False'
[0.198s] Level 5:colcon.colcon_core.verb:set package 'detection_2_5d' build argument 'cmake_clean_first' from command line to 'False'
[0.198s] Level 5:colcon.colcon_core.verb:set package 'detection_2_5d' build argument 'cmake_force_configure' from command line to 'False'
[0.198s] Level 5:colcon.colcon_core.verb:set package 'detection_2_5d' build argument 'ament_cmake_args' from command line to 'None'
[0.198s] Level 5:colcon.colcon_core.verb:set package 'detection_2_5d' build argument 'catkin_cmake_args' from command line to 'None'
[0.198s] Level 5:colcon.colcon_core.verb:set package 'detection_2_5d' build argument 'catkin_skip_building_tests' from command line to 'False'
[0.198s] DEBUG:colcon.colcon_core.verb:Building package 'detection_2_5d' with the following arguments: {'ament_cmake_args': None, 'build_base': '/ws/build/detection_2_5d', 'catkin_cmake_args': None, 'catkin_skip_building_tests': False, 'cmake_args': None, 'cmake_clean_cache': False, 'cmake_clean_first': False, 'cmake_force_configure': False, 'cmake_target': None, 'cmake_target_skip_unavailable': False, 'install_base': '/ws/install/detection_2_5d', 'merge_install': False, 'path': '/ws/src/detection_2_5d', 'symlink_install': False, 'test_result_base': None}
[0.198s] Level 5:colcon.colcon_core.verb:set package 'detections_2d' build argument 'cmake_args' from command line to 'None'
[0.198s] Level 5:colcon.colcon_core.verb:set package 'detections_2d' build argument 'cmake_target' from command line to 'None'
[0.198s] Level 5:colcon.colcon_core.verb:set package 'detections_2d' build argument 'cmake_target_skip_unavailable' from command line to 'False'
[0.198s] Level 5:colcon.colcon_core.verb:set package 'detections_2d' build argument 'cmake_clean_cache' from command line to 'False'
[0.198s] Level 5:colcon.colcon_core.verb:set package 'detections_2d' build argument 'cmake_clean_first' from command line to 'False'
[0.198s] Level 5:colcon.colcon_core.verb:set package 'detections_2d' build argument 'cmake_force_configure' from command line to 'False'
[0.198s] Level 5:colcon.colcon_core.verb:set package 'detections_2d' build argument 'ament_cmake_args' from command line to 'None'
[0.198s] Level 5:colcon.colcon_core.verb:set package 'detections_2d' build argument 'catkin_cmake_args' from command line to 'None'
[0.198s] Level 5:colcon.colcon_core.verb:set package 'detections_2d' build argument 'catkin_skip_building_tests' from command line to 'False'
[0.198s] DEBUG:colcon.colcon_core.verb:Building package 'detections_2d' with the following arguments: {'ament_cmake_args': None, 'build_base': '/ws/build/detections_2d', 'catkin_cmake_args': None, 'catkin_skip_building_tests': False, 'cmake_args': None, 'cmake_clean_cache': False, 'cmake_clean_first': False, 'cmake_force_configure': False, 'cmake_target': None, 'cmake_target_skip_unavailable': False, 'install_base': '/ws/install/detections_2d', 'merge_install': False, 'path': '/ws/src/detections_2d/detections_2d', 'symlink_install': False, 'test_result_base': None}
[0.198s] Level 5:colcon.colcon_core.verb:set package 'lidar_camera_fusion' build argument 'cmake_args' from command line to 'None'
[0.198s] Level 5:colcon.colcon_core.verb:set package 'lidar_camera_fusion' build argument 'cmake_target' from command line to 'None'
[0.198s] Level 5:colcon.colcon_core.verb:set package 'lidar_camera_fusion' build argument 'cmake_target_skip_unavailable' from command line to 'False'
[0.198s] Level 5:colcon.colcon_core.verb:set package 'lidar_camera_fusion' build argument 'cmake_clean_cache' from command line to 'False'
[0.198s] Level 5:colcon.colcon_core.verb:set package 'lidar_camera_fusion' build argument 'cmake_clean_first' from command line to 'False'
[0.198s] Level 5:colcon.colcon_core.verb:set package 'lidar_camera_fusion' build argument 'cmake_force_configure' from command line to 'False'
[0.198s] Level 5:colcon.colcon_core.verb:set package 'lidar_camera_fusion' build argument 'ament_cmake_args' from command line to 'None'
[0.198s] Level 5:colcon.colcon_core.verb:set package 'lidar_camera_fusion' build argument 'catkin_cmake_args' from command line to 'None'
[0.198s] Level 5:colcon.colcon_core.verb:set package 'lidar_camera_fusion' build argument 'catkin_skip_building_tests' from command line to 'False'
[0.198s] DEBUG:colcon.colcon_core.verb:Building package 'lidar_camera_fusion' with the following arguments: {'ament_cmake_args': None, 'build_base': '/ws/build/lidar_camera_fusion', 'catkin_cmake_args': None, 'catkin_skip_building_tests': False, 'cmake_args': None, 'cmake_clean_cache': False, 'cmake_clean_first': False, 'cmake_force_configure': False, 'cmake_target': None, 'cmake_target_skip_unavailable': False, 'install_base': '/ws/install/lidar_camera_fusion', 'merge_install': False, 'path': '/ws/src/lidar_camera_fusion', 'symlink_install': False, 'test_result_base': None}
[0.198s] INFO:colcon.colcon_core.executor:Executing jobs using 'parallel' executor
[0.199s] DEBUG:colcon.colcon_parallel_executor.executor.parallel:run_until_complete
[0.199s] INFO:colcon.colcon_ros.task.ament_python.build:Building ROS package in '/ws/src/dbscan_clustering' with build type 'ament_python'
[0.199s] Level 1:colcon.colcon_core.shell:create_environment_hook('dbscan_clustering', 'ament_prefix_path')
[0.201s] INFO:colcon.colcon_core.plugin_system:Skipping extension 'colcon_core.shell.bat': Not used on non-Windows systems
[0.201s] INFO:colcon.colcon_core.shell:Creating environment hook '/ws/install/dbscan_clustering/share/dbscan_clustering/hook/ament_prefix_path.ps1'
[0.201s] INFO:colcon.colcon_core.shell:Creating environment descriptor '/ws/install/dbscan_clustering/share/dbscan_clustering/hook/ament_prefix_path.dsv'
[0.202s] INFO:colcon.colcon_core.shell:Creating environment hook '/ws/install/dbscan_clustering/share/dbscan_clustering/hook/ament_prefix_path.sh'
[0.202s] INFO:colcon.colcon_core.shell:Skip shell extension 'powershell' for command environment: Not usable outside of PowerShell
[0.202s] DEBUG:colcon.colcon_core.shell:Skip shell extension 'dsv' for command environment
[0.204s] INFO:colcon.colcon_ros.task.ament_python.build:Building ROS package in '/ws/src/detection_2_5d' with build type 'ament_python'
[0.204s] Level 1:colcon.colcon_core.shell:create_environment_hook('detection_2_5d', 'ament_prefix_path')
[0.204s] INFO:colcon.colcon_core.shell:Creating environment hook '/ws/install/detection_2_5d/share/detection_2_5d/hook/ament_prefix_path.ps1'
[0.205s] INFO:colcon.colcon_core.shell:Creating environment descriptor '/ws/install/detection_2_5d/share/detection_2_5d/hook/ament_prefix_path.dsv'
[0.205s] INFO:colcon.colcon_core.shell:Creating environment hook '/ws/install/detection_2_5d/share/detection_2_5d/hook/ament_prefix_path.sh'
[0.205s] INFO:colcon.colcon_core.shell:Skip shell extension 'powershell' for command environment: Not usable outside of PowerShell
[0.206s] DEBUG:colcon.colcon_core.shell:Skip shell extension 'dsv' for command environment
[0.207s] INFO:colcon.colcon_ros.task.ament_python.build:Building ROS package in '/ws/src/detections_2d/detections_2d' with build type 'ament_python'
[0.207s] Level 1:colcon.colcon_core.shell:create_environment_hook('detections_2d', 'ament_prefix_path')
[0.207s] INFO:colcon.colcon_core.shell:Creating environment hook '/ws/install/detections_2d/share/detections_2d/hook/ament_prefix_path.ps1'
[0.207s] INFO:colcon.colcon_core.shell:Creating environment descriptor '/ws/install/detections_2d/share/detections_2d/hook/ament_prefix_path.dsv'
[0.208s] INFO:colcon.colcon_core.shell:Creating environment hook '/ws/install/detections_2d/share/detections_2d/hook/ament_prefix_path.sh'
[0.208s] INFO:colcon.colcon_core.shell:Skip shell extension 'powershell' for command environment: Not usable outside of PowerShell
[0.208s] DEBUG:colcon.colcon_core.shell:Skip shell extension 'dsv' for command environment
[0.209s] INFO:colcon.colcon_ros.task.ament_python.build:Building ROS package in '/ws/src/lidar_camera_fusion' with build type 'ament_python'
[0.209s] Level 1:colcon.colcon_core.shell:create_environment_hook('lidar_camera_fusion', 'ament_prefix_path')
[0.209s] INFO:colcon.colcon_core.shell:Creating environment hook '/ws/install/lidar_camera_fusion/share/lidar_camera_fusion/hook/ament_prefix_path.ps1'
[0.210s] INFO:colcon.colcon_core.shell:Creating environment descriptor '/ws/install/lidar_camera_fusion/share/lidar_camera_fusion/hook/ament_prefix_path.dsv'
[0.210s] INFO:colcon.colcon_core.shell:Creating environment hook '/ws/install/lidar_camera_fusion/share/lidar_camera_fusion/hook/ament_prefix_path.sh'
[0.210s] INFO:colcon.colcon_core.shell:Skip shell extension 'powershell' for command environment: Not usable outside of PowerShell
[0.210s] DEBUG:colcon.colcon_core.shell:Skip shell extension 'dsv' for command environment
[0.319s] INFO:colcon.colcon_core.task.python.build:Building Python package in '/ws/src/dbscan_clustering'
[0.319s] INFO:colcon.colcon_core.shell:Skip shell extension 'powershell' for command environment: Not usable outside of PowerShell
[0.319s] DEBUG:colcon.colcon_core.shell:Skip shell extension 'dsv' for command environment
[0.418s] INFO:colcon.colcon_core.task.python.build:Building Python package in '/ws/src/detection_2_5d'
[0.418s] INFO:colcon.colcon_core.shell:Skip shell extension 'powershell' for command environment: Not usable outside of PowerShell
[0.418s] DEBUG:colcon.colcon_core.shell:Skip shell extension 'dsv' for command environment
[0.529s] INFO:colcon.colcon_core.task.python.build:Building Python package in '/ws/src/detections_2d/detections_2d'
[0.529s] INFO:colcon.colcon_core.shell:Skip shell extension 'powershell' for command environment: Not usable outside of PowerShell
[0.529s] DEBUG:colcon.colcon_core.shell:Skip shell extension 'dsv' for command environment
[0.631s] INFO:colcon.colcon_core.task.python.build:Building Python package in '/ws/src/lidar_camera_fusion'
[0.632s] INFO:colcon.colcon_core.shell:Skip shell extension 'powershell' for command environment: Not usable outside of PowerShell
[0.632s] DEBUG:colcon.colcon_core.shell:Skip shell extension 'dsv' for command environment
[0.980s] DEBUG:colcon.colcon_core.event_handler.log_command:Invoking command in '/ws/src/dbscan_clustering': PYTHONPATH=/ws/build/dbscan_clustering/prefix_override:/usr/lib/python3/dist-packages/colcon_core/task/python/colcon_distutils_commands:/ws/install/dbscan_clustering/lib/python3.10/site-packages:${PYTHONPATH} /usr/bin/python3 -W ignore:setup.py install is deprecated -W ignore:easy_install command is deprecated setup.py egg_info --egg-base ../../build/dbscan_clustering build --build-base /ws/build/dbscan_clustering/build install --record /ws/build/dbscan_clustering/install.log --single-version-externally-managed install_data
[0.984s] DEBUG:colcon.colcon_core.event_handler.log_command:Invoking command in '/ws/src/detection_2_5d': PYTHONPATH=/ws/build/detection_2_5d/prefix_override:/usr/lib/python3/dist-packages/colcon_core/task/python/colcon_distutils_commands:/ws/install/detection_2_5d/lib/python3.10/site-packages:${PYTHONPATH} /usr/bin/python3 -W ignore:setup.py install is deprecated -W ignore:easy_install command is deprecated setup.py egg_info --egg-base ../../build/detection_2_5d build --build-base /ws/build/detection_2_5d/build install --record /ws/build/detection_2_5d/install.log --single-version-externally-managed install_data
[0.988s] DEBUG:colcon.colcon_core.event_handler.log_command:Invoking command in '/ws/src/detections_2d/detections_2d': PYTHONPATH=/ws/build/detections_2d/prefix_override:/usr/lib/python3/dist-packages/colcon_core/task/python/colcon_distutils_commands:/ws/install/detections_2d/lib/python3.10/site-packages:${PYTHONPATH} /usr/bin/python3 -W ignore:setup.py install is deprecated -W ignore:easy_install command is deprecated setup.py egg_info --egg-base ../../../build/detections_2d build --build-base /ws/build/detections_2d/build install --record /ws/build/detections_2d/install.log --single-version-externally-managed install_data
[1.001s] DEBUG:colcon.colcon_core.event_handler.log_command:Invoking command in '/ws/src/lidar_camera_fusion': PYTHONPATH=/ws/build/lidar_camera_fusion/prefix_override:/usr/lib/python3/dist-packages/colcon_core/task/python/colcon_distutils_commands:/ws/install/lidar_camera_fusion/lib/python3.10/site-packages:${PYTHONPATH} /usr/bin/python3 -W ignore:setup.py install is deprecated -W ignore:easy_install command is deprecated setup.py egg_info --egg-base ../../build/lidar_camera_fusion build --build-base /ws/build/lidar_camera_fusion/build install --record /ws/build/lidar_camera_fusion/install.log --single-version-externally-managed install_data
[1.116s] DEBUG:colcon.colcon_core.event_handler.log_command:Invoked command in '/ws/src/dbscan_clustering' returned '0': PYTHONPATH=/ws/build/dbscan_clustering/prefix_override:/usr/lib/python3/dist-packages/colcon_core/task/python/colcon_distutils_commands:/ws/install/dbscan_clustering/lib/python3.10/site-packages:${PYTHONPATH} /usr/bin/python3 -W ignore:setup.py install is deprecated -W ignore:easy_install command is deprecated setup.py egg_info --egg-base ../../build/dbscan_clustering build --build-base /ws/build/dbscan_clustering/build install --record /ws/build/dbscan_clustering/install.log --single-version-externally-managed install_data
[1.118s] Level 1:colcon.colcon_core.environment:checking '/ws/install/dbscan_clustering' for CMake module files
[1.118s] Level 1:colcon.colcon_core.environment:checking '/ws/install/dbscan_clustering' for CMake config files
[1.119s] Level 1:colcon.colcon_core.environment:checking '/ws/install/dbscan_clustering/lib'
[1.119s] Level 1:colcon.colcon_core.environment:checking '/ws/install/dbscan_clustering/bin'
[1.119s] Level 1:colcon.colcon_core.environment:checking '/ws/install/dbscan_clustering/lib/pkgconfig/dbscan_clustering.pc'
[1.119s] Level 1:colcon.colcon_core.environment:checking '/ws/install/dbscan_clustering/lib/python3.10/site-packages'
[1.119s] Level 1:colcon.colcon_core.shell:create_environment_hook('dbscan_clustering', 'pythonpath')
[1.119s] INFO:colcon.colcon_core.shell:Creating environment hook '/ws/install/dbscan_clustering/share/dbscan_clustering/hook/pythonpath.ps1'
[1.119s] INFO:colcon.colcon_core.shell:Creating environment descriptor '/ws/install/dbscan_clustering/share/dbscan_clustering/hook/pythonpath.dsv'
[1.119s] INFO:colcon.colcon_core.shell:Creating environment hook '/ws/install/dbscan_clustering/share/dbscan_clustering/hook/pythonpath.sh'
[1.120s] Level 1:colcon.colcon_core.environment:checking '/ws/install/dbscan_clustering/bin'
[1.120s] Level 1:colcon.colcon_core.environment:create_environment_scripts_only(dbscan_clustering)
[1.120s] INFO:colcon.colcon_core.shell:Creating package script '/ws/install/dbscan_clustering/share/dbscan_clustering/package.ps1'
[1.120s] INFO:colcon.colcon_core.shell:Creating package descriptor '/ws/install/dbscan_clustering/share/dbscan_clustering/package.dsv'
[1.121s] INFO:colcon.colcon_core.shell:Creating package script '/ws/install/dbscan_clustering/share/dbscan_clustering/package.sh'
[1.121s] INFO:colcon.colcon_core.shell:Creating package script '/ws/install/dbscan_clustering/share/dbscan_clustering/package.bash'
[1.121s] INFO:colcon.colcon_core.shell:Creating package script '/ws/install/dbscan_clustering/share/dbscan_clustering/package.zsh'
[1.122s] Level 1:colcon.colcon_core.environment:create_file_with_runtime_dependencies(/ws/install/dbscan_clustering/share/colcon-core/packages/dbscan_clustering)
[1.123s] Level 1:colcon.colcon_core.environment:checking '/ws/install/detection_2_5d' for CMake module files
[1.123s] DEBUG:colcon.colcon_core.event_handler.log_command:Invoked command in '/ws/src/detection_2_5d' returned '0': PYTHONPATH=/ws/build/detection_2_5d/prefix_override:/usr/lib/python3/dist-packages/colcon_core/task/python/colcon_distutils_commands:/ws/install/detection_2_5d/lib/python3.10/site-packages:${PYTHONPATH} /usr/bin/python3 -W ignore:setup.py install is deprecated -W ignore:easy_install command is deprecated setup.py egg_info --egg-base ../../build/detection_2_5d build --build-base /ws/build/detection_2_5d/build install --record /ws/build/detection_2_5d/install.log --single-version-externally-managed install_data
[1.123s] Level 1:colcon.colcon_core.environment:checking '/ws/install/detection_2_5d' for CMake config files
[1.124s] Level 1:colcon.colcon_core.environment:checking '/ws/install/detection_2_5d/lib'
[1.124s] Level 1:colcon.colcon_core.environment:checking '/ws/install/detection_2_5d/bin'
[1.124s] Level 1:colcon.colcon_core.environment:checking '/ws/install/detection_2_5d/lib/pkgconfig/detection_2_5d.pc'
[1.124s] Level 1:colcon.colcon_core.environment:checking '/ws/install/detection_2_5d/lib/python3.10/site-packages'
[1.124s] Level 1:colcon.colcon_core.shell:create_environment_hook('detection_2_5d', 'pythonpath')
[1.124s] INFO:colcon.colcon_core.shell:Creating environment hook '/ws/install/detection_2_5d/share/detection_2_5d/hook/pythonpath.ps1'
[1.124s] INFO:colcon.colcon_core.shell:Creating environment descriptor '/ws/install/detection_2_5d/share/detection_2_5d/hook/pythonpath.dsv'
[1.125s] INFO:colcon.colcon_core.shell:Creating environment hook '/ws/install/detection_2_5d/share/detection_2_5d/hook/pythonpath.sh'
[1.125s] Level 1:colcon.colcon_core.environment:checking '/ws/install/detection_2_5d/bin'
[1.125s] Level 1:colcon.colcon_core.environment:create_environment_scripts_only(detection_2_5d)
[1.125s] INFO:colcon.colcon_core.shell:Creating package script '/ws/install/detection_2_5d/share/detection_2_5d/package.ps1'
[1.125s] INFO:colcon.colcon_core.shell:Creating package descriptor '/ws/install/detection_2_5d/share/detection_2_5d/package.dsv'
[1.126s] INFO:colcon.colcon_core.shell:Creating package script '/ws/install/detection_2_5d/share/detection_2_5d/package.sh'
[1.126s] INFO:colcon.colcon_core.shell:Creating package script '/ws/install/detection_2_5d/share/detection_2_5d/package.bash'
[1.126s] INFO:colcon.colcon_core.shell:Creating package script '/ws/install/detection_2_5d/share/detection_2_5d/package.zsh'
[1.126s] Level 1:colcon.colcon_core.environment:create_file_with_runtime_dependencies(/ws/install/detection_2_5d/share/colcon-core/packages/detection_2_5d)
[1.126s] Level 1:colcon.colcon_core.environment:checking '/ws/install/detections_2d' for CMake module files
[1.127s] DEBUG:colcon.colcon_core.event_handler.log_command:Invoked command in '/ws/src/detections_2d/detections_2d' returned '0': PYTHONPATH=/ws/build/detections_2d/prefix_override:/usr/lib/python3/dist-packages/colcon_core/task/python/colcon_distutils_commands:/ws/install/detections_2d/lib/python3.10/site-packages:${PYTHONPATH} /usr/bin/python3 -W ignore:setup.py install is deprecated -W ignore:easy_install command is deprecated setup.py egg_info --egg-base ../../../build/detections_2d build --build-base /ws/build/detections_2d/build install --record /ws/build/detections_2d/install.log --single-version-externally-managed install_data
[1.127s] Level 1:colcon.colcon_core.environment:checking '/ws/install/detections_2d' for CMake config files
[1.128s] Level 1:colcon.colcon_core.environment:checking '/ws/install/detections_2d/lib'
[1.128s] Level 1:colcon.colcon_core.environment:checking '/ws/install/detections_2d/bin'
[1.128s] Level 1:colcon.colcon_core.environment:checking '/ws/install/detections_2d/lib/pkgconfig/detections_2d.pc'
[1.128s] Level 1:colcon.colcon_core.environment:checking '/ws/install/detections_2d/lib/python3.10/site-packages'
[1.128s] Level 1:colcon.colcon_core.shell:create_environment_hook('detections_2d', 'pythonpath')
[1.128s] INFO:colcon.colcon_core.shell:Creating environment hook '/ws/install/detections_2d/share/detections_2d/hook/pythonpath.ps1'
[1.128s] INFO:colcon.colcon_core.shell:Creating environment descriptor '/ws/install/detections_2d/share/detections_2d/hook/pythonpath.dsv'
[1.128s] INFO:colcon.colcon_core.shell:Creating environment hook '/ws/install/detections_2d/share/detections_2d/hook/pythonpath.sh'
[1.129s] Level 1:colcon.colcon_core.environment:checking '/ws/install/detections_2d/bin'
[1.129s] Level 1:colcon.colcon_core.environment:create_environment_scripts_only(detections_2d)
[1.129s] INFO:colcon.colcon_core.shell:Creating package script '/ws/install/detections_2d/share/detections_2d/package.ps1'
[1.129s] INFO:colcon.colcon_core.shell:Creating package descriptor '/ws/install/detections_2d/share/detections_2d/package.dsv'
[1.129s] INFO:colcon.colcon_core.shell:Creating package script '/ws/install/detections_2d/share/detections_2d/package.sh'
[1.129s] INFO:colcon.colcon_core.shell:Creating package script '/ws/install/detections_2d/share/detections_2d/package.bash'
[1.130s] INFO:colcon.colcon_core.shell:Creating package script '/ws/install/detections_2d/share/detections_2d/package.zsh'
[1.130s] Level 1:colcon.colcon_core.environment:create_file_with_runtime_dependencies(/ws/install/detections_2d/share/colcon-core/packages/detections_2d)
[1.131s] Level 1:colcon.colcon_core.environment:checking '/ws/install/lidar_camera_fusion' for CMake module files
[1.131s] DEBUG:colcon.colcon_core.event_handler.log_command:Invoked command in '/ws/src/lidar_camera_fusion' returned '0': PYTHONPATH=/ws/build/lidar_camera_fusion/prefix_override:/usr/lib/python3/dist-packages/colcon_core/task/python/colcon_distutils_commands:/ws/install/lidar_camera_fusion/lib/python3.10/site-packages:${PYTHONPATH} /usr/bin/python3 -W ignore:setup.py install is deprecated -W ignore:easy_install command is deprecated setup.py egg_info --egg-base ../../build/lidar_camera_fusion build --build-base /ws/build/lidar_camera_fusion/build install --record /ws/build/lidar_camera_fusion/install.log --single-version-externally-managed install_data
[1.131s] Level 1:colcon.colcon_core.environment:checking '/ws/install/lidar_camera_fusion' for CMake config files
[1.132s] Level 1:colcon.colcon_core.environment:checking '/ws/install/lidar_camera_fusion/lib'
[1.132s] Level 1:colcon.colcon_core.environment:checking '/ws/install/lidar_camera_fusion/bin'
[1.132s] Level 1:colcon.colcon_core.environment:checking '/ws/install/lidar_camera_fusion/lib/pkgconfig/lidar_camera_fusion.pc'
[1.132s] Level 1:colcon.colcon_core.environment:checking '/ws/install/lidar_camera_fusion/lib/python3.10/site-packages'
[1.132s] Level 1:colcon.colcon_core.shell:create_environment_hook('lidar_camera_fusion', 'pythonpath')
[1.132s] INFO:colcon.colcon_core.shell:Creating environment hook '/ws/install/lidar_camera_fusion/share/lidar_camera_fusion/hook/pythonpath.ps1'
[1.132s] INFO:colcon.colcon_core.shell:Creating environment descriptor '/ws/install/lidar_camera_fusion/share/lidar_camera_fusion/hook/pythonpath.dsv'
[1.133s] INFO:colcon.colcon_core.shell:Creating environment hook '/ws/install/lidar_camera_fusion/share/lidar_camera_fusion/hook/pythonpath.sh'
[1.133s] Level 1:colcon.colcon_core.environment:checking '/ws/install/lidar_camera_fusion/bin'
[1.133s] Level 1:colcon.colcon_core.environment:create_environment_scripts_only(lidar_camera_fusion)
[1.133s] INFO:colcon.colcon_core.shell:Creating package script '/ws/install/lidar_camera_fusion/share/lidar_camera_fusion/package.ps1'
[1.133s] INFO:colcon.colcon_core.shell:Creating package descriptor '/ws/install/lidar_camera_fusion/share/lidar_camera_fusion/package.dsv'
[1.134s] INFO:colcon.colcon_core.shell:Creating package script '/ws/install/lidar_camera_fusion/share/lidar_camera_fusion/package.sh'
[1.134s] INFO:colcon.colcon_core.shell:Creating package script '/ws/install/lidar_camera_fusion/share/lidar_camera_fusion/package.bash'
[1.134s] INFO:colcon.colcon_core.shell:Creating package script '/ws/install/lidar_camera_fusion/share/lidar_camera_fusion/package.zsh'
[1.134s] Level 1:colcon.colcon_core.environment:create_file_with_runtime_dependencies(/ws/install/lidar_camera_fusion/share/colcon-core/packages/lidar_camera_fusion)
[1.134s] DEBUG:colcon.colcon_parallel_executor.executor.parallel:closing loop
[1.134s] DEBUG:colcon.colcon_parallel_executor.executor.parallel:loop closed
[1.135s] DEBUG:colcon.colcon_parallel_executor.executor.parallel:run_until_complete finished with '0'
[1.135s] DEBUG:colcon.colcon_core.event_reactor:joining thread
[1.139s] INFO:colcon.colcon_core.plugin_system:Skipping extension 'colcon_notification.desktop_notification.notify_send': Could not find 'notify-send'
[1.139s] INFO:colcon.colcon_core.plugin_system:Skipping extension 'colcon_notification.desktop_notification.terminal_notifier': Not used on non-Darwin systems
[1.139s] INFO:colcon.colcon_core.plugin_system:Skipping extension 'colcon_notification.desktop_notification.win32': Not used on non-Windows systems
[1.139s] INFO:colcon.colcon_notification.desktop_notification:Sending desktop notification using 'notify2'
[1.139s] DEBUG:colcon.colcon_notification.desktop_notification.notify2:Failed to initialize notify2: org.freedesktop.DBus.Error.NotSupported: Unable to autolaunch a dbus-daemon without a $DISPLAY for X11
[1.139s] DEBUG:colcon.colcon_core.event_reactor:joined thread
[1.139s] INFO:colcon.colcon_core.shell:Creating prefix script '/ws/install/local_setup.ps1'
[1.140s] INFO:colcon.colcon_core.shell:Creating prefix util module '/ws/install/_local_setup_util_ps1.py'
[1.140s] INFO:colcon.colcon_core.shell:Creating prefix chain script '/ws/install/setup.ps1'
[1.141s] INFO:colcon.colcon_core.shell:Creating prefix script '/ws/install/local_setup.sh'
[1.141s] INFO:colcon.colcon_core.shell:Creating prefix util module '/ws/install/_local_setup_util_sh.py'
[1.141s] INFO:colcon.colcon_core.shell:Creating prefix chain script '/ws/install/setup.sh'
[1.142s] INFO:colcon.colcon_core.shell:Creating prefix script '/ws/install/local_setup.bash'
[1.143s] INFO:colcon.colcon_core.shell:Creating prefix chain script '/ws/install/setup.bash'
[1.143s] INFO:colcon.colcon_core.shell:Creating prefix script '/ws/install/local_setup.zsh'
[1.143s] INFO:colcon.colcon_core.shell:Creating prefix chain script '/ws/install/setup.zsh'
