[0.435s] Invoking command in '/ws/src/dbscan_clustering': PYTHONPATH=/ws/build/dbscan_clustering/prefix_override:/usr/lib/python3/dist-packages/colcon_core/task/python/colcon_distutils_commands:/ws/install/dbscan_clustering/lib/python3.10/site-packages:${PYTHONPATH} /usr/bin/python3 -W ignore:setup.py install is deprecated -W ignore:easy_install command is deprecated setup.py egg_info --egg-base ../../build/dbscan_clustering build --build-base /ws/build/dbscan_clustering/build install --record /ws/build/dbscan_clustering/install.log --single-version-externally-managed install_data
[0.517s] running egg_info
[0.517s] writing ../../build/dbscan_clustering/dbscan_clustering.egg-info/PKG-INFO
[0.518s] writing dependency_links to ../../build/dbscan_clustering/dbscan_clustering.egg-info/dependency_links.txt
[0.518s] writing entry points to ../../build/dbscan_clustering/dbscan_clustering.egg-info/entry_points.txt
[0.518s] writing requirements to ../../build/dbscan_clustering/dbscan_clustering.egg-info/requires.txt
[0.518s] writing top-level names to ../../build/dbscan_clustering/dbscan_clustering.egg-info/top_level.txt
[0.519s] reading manifest file '../../build/dbscan_clustering/dbscan_clustering.egg-info/SOURCES.txt'
[0.519s] writing manifest file '../../build/dbscan_clustering/dbscan_clustering.egg-info/SOURCES.txt'
[0.519s] running build
[0.519s] running build_py
[0.519s] copying dbscan_clustering/dbscan_clustering.py -> /ws/build/dbscan_clustering/build/lib/dbscan_clustering
[0.519s] running install
[0.519s] running install_lib
[0.520s] copying /ws/build/dbscan_clustering/build/lib/dbscan_clustering/dbscan_clustering.py -> /ws/install/dbscan_clustering/lib/python3.10/site-packages/dbscan_clustering
[0.520s] byte-compiling /ws/install/dbscan_clustering/lib/python3.10/site-packages/dbscan_clustering/dbscan_clustering.py to dbscan_clustering.cpython-310.pyc
[0.522s] running install_data
[0.524s] running install_egg_info
[0.524s] removing '/ws/install/dbscan_clustering/lib/python3.10/site-packages/dbscan_clustering-0.0.1-py3.10.egg-info' (and everything under it)
[0.524s] Copying ../../build/dbscan_clustering/dbscan_clustering.egg-info to /ws/install/dbscan_clustering/lib/python3.10/site-packages/dbscan_clustering-0.0.1-py3.10.egg-info
[0.524s] running install_scripts
[0.533s] Installing dbscan_node script to /ws/install/dbscan_clustering/lib/dbscan_clustering
[0.533s] writing list of installed files to '/ws/build/dbscan_clustering/install.log'
[0.548s] Invoked command in '/ws/src/dbscan_clustering' returned '0': PYTHONPATH=/ws/build/dbscan_clustering/prefix_override:/usr/lib/python3/dist-packages/colcon_core/task/python/colcon_distutils_commands:/ws/install/dbscan_clustering/lib/python3.10/site-packages:${PYTHONPATH} /usr/bin/python3 -W ignore:setup.py install is deprecated -W ignore:easy_install command is deprecated setup.py egg_info --egg-base ../../build/dbscan_clustering build --build-base /ws/build/dbscan_clustering/build install --record /ws/build/dbscan_clustering/install.log --single-version-externally-managed install_data
