[0.862s] Invoking command in '/ws/src/detection_mono': PYTHONPATH=/ws/build/detection_mono/prefix_override:/usr/lib/python3/dist-packages/colcon_core/task/python/colcon_distutils_commands:/ws/install/detection_mono/lib/python3.10/site-packages:${PYTHONPATH} /usr/bin/python3 -W ignore:setup.py install is deprecated -W ignore:easy_install command is deprecated setup.py egg_info --egg-base ../../build/detection_mono build --build-base /ws/build/detection_mono/build install --record /ws/build/detection_mono/install.log --single-version-externally-managed install_data
[0.968s] running egg_info
[0.968s] writing ../../build/detection_mono/detection_mono.egg-info/PKG-INFO
[0.968s] writing dependency_links to ../../build/detection_mono/detection_mono.egg-info/dependency_links.txt
[0.968s] writing entry points to ../../build/detection_mono/detection_mono.egg-info/entry_points.txt
[0.968s] writing requirements to ../../build/detection_mono/detection_mono.egg-info/requires.txt
[0.968s] writing top-level names to ../../build/detection_mono/detection_mono.egg-info/top_level.txt
[0.968s] reading manifest file '../../build/detection_mono/detection_mono.egg-info/SOURCES.txt'
[0.969s] writing manifest file '../../build/detection_mono/detection_mono.egg-info/SOURCES.txt'
[0.969s] running build
[0.969s] running build_py
[0.969s] copying detection_mono/detection_mono.py -> /ws/build/detection_mono/build/lib/detection_mono
[0.969s] running install
[0.969s] running install_lib
[0.969s] copying /ws/build/detection_mono/build/lib/detection_mono/detection_mono.py -> /ws/install/detection_mono/lib/python3.10/site-packages/detection_mono
[0.969s] byte-compiling /ws/install/detection_mono/lib/python3.10/site-packages/detection_mono/detection_mono.py to detection_mono.cpython-310.pyc
[0.971s] running install_data
[0.971s] running install_egg_info
[0.972s] removing '/ws/install/detection_mono/lib/python3.10/site-packages/detection_mono-0.0.1-py3.10.egg-info' (and everything under it)
[0.973s] Copying ../../build/detection_mono/detection_mono.egg-info to /ws/install/detection_mono/lib/python3.10/site-packages/detection_mono-0.0.1-py3.10.egg-info
[0.973s] running install_scripts
[0.984s] Installing detection_mono script to /ws/install/detection_mono/lib/detection_mono
[0.984s] writing list of installed files to '/ws/build/detection_mono/install.log'
[1.003s] Invoked command in '/ws/src/detection_mono' returned '0': PYTHONPATH=/ws/build/detection_mono/prefix_override:/usr/lib/python3/dist-packages/colcon_core/task/python/colcon_distutils_commands:/ws/install/detection_mono/lib/python3.10/site-packages:${PYTHONPATH} /usr/bin/python3 -W ignore:setup.py install is deprecated -W ignore:easy_install command is deprecated setup.py egg_info --egg-base ../../build/detection_mono build --build-base /ws/build/detection_mono/build install --record /ws/build/detection_mono/install.log --single-version-externally-managed install_data
