[0.383s] Invoking command in '/ws/build/lidar_camera_fusion': PYTHONPATH=/ws/build/lidar_camera_fusion/prefix_override:/usr/lib/python3/dist-packages/colcon_core/task/python/colcon_distutils_commands:/ws/install/lidar_camera_fusion/lib/python3.10/site-packages:${PYTHONPATH} /usr/bin/python3 -W ignore:setup.py install is deprecated -W ignore:easy_install command is deprecated setup.py develop --uninstall --editable --build-directory /ws/build/lidar_camera_fusion/build
[0.486s] running develop
[0.528s] Removing /ws/install/lidar_camera_fusion/lib/python3.10/site-packages/lidar-camera-fusion.egg-link (link to .)
[0.542s] Invoked command in '/ws/build/lidar_camera_fusion' returned '0': PYTHONPATH=/ws/build/lidar_camera_fusion/prefix_override:/usr/lib/python3/dist-packages/colcon_core/task/python/colcon_distutils_commands:/ws/install/lidar_camera_fusion/lib/python3.10/site-packages:${PYTHONPATH} /usr/bin/python3 -W ignore:setup.py install is deprecated -W ignore:easy_install command is deprecated setup.py develop --uninstall --editable --build-directory /ws/build/lidar_camera_fusion/build
[0.543s] Invoking command in '/ws/src/lidar_camera_fusion': PYTHONPATH=/ws/build/lidar_camera_fusion/prefix_override:/usr/lib/python3/dist-packages/colcon_core/task/python/colcon_distutils_commands:/ws/install/lidar_camera_fusion/lib/python3.10/site-packages:${PYTHONPATH} /usr/bin/python3 -W ignore:setup.py install is deprecated -W ignore:easy_install command is deprecated setup.py egg_info --egg-base ../../build/lidar_camera_fusion build --build-base /ws/build/lidar_camera_fusion/build install --record /ws/build/lidar_camera_fusion/install.log --single-version-externally-managed install_data --force
[0.627s] running egg_info
[0.628s] writing ../../build/lidar_camera_fusion/lidar_camera_fusion.egg-info/PKG-INFO
[0.629s] writing dependency_links to ../../build/lidar_camera_fusion/lidar_camera_fusion.egg-info/dependency_links.txt
[0.630s] writing entry points to ../../build/lidar_camera_fusion/lidar_camera_fusion.egg-info/entry_points.txt
[0.631s] writing requirements to ../../build/lidar_camera_fusion/lidar_camera_fusion.egg-info/requires.txt
[0.633s] writing top-level names to ../../build/lidar_camera_fusion/lidar_camera_fusion.egg-info/top_level.txt
[0.635s] reading manifest file '../../build/lidar_camera_fusion/lidar_camera_fusion.egg-info/SOURCES.txt'
[0.637s] writing manifest file '../../build/lidar_camera_fusion/lidar_camera_fusion.egg-info/SOURCES.txt'
[0.638s] running build
[0.638s] running build_py
[0.638s] creating /ws/build/lidar_camera_fusion/build
[0.638s] creating /ws/build/lidar_camera_fusion/build/lib
[0.638s] creating /ws/build/lidar_camera_fusion/build/lib/lidar_camera_fusion
[0.638s] copying lidar_camera_fusion/lidar_camera_fusion.py -> /ws/build/lidar_camera_fusion/build/lib/lidar_camera_fusion
[0.639s] copying lidar_camera_fusion/__init__.py -> /ws/build/lidar_camera_fusion/build/lib/lidar_camera_fusion
[0.639s] running install
[0.639s] running install_lib
[0.639s] creating /ws/install/lidar_camera_fusion/lib/python3.10/site-packages/lidar_camera_fusion
[0.639s] copying /ws/build/lidar_camera_fusion/build/lib/lidar_camera_fusion/lidar_camera_fusion.py -> /ws/install/lidar_camera_fusion/lib/python3.10/site-packages/lidar_camera_fusion
[0.639s] copying /ws/build/lidar_camera_fusion/build/lib/lidar_camera_fusion/__init__.py -> /ws/install/lidar_camera_fusion/lib/python3.10/site-packages/lidar_camera_fusion
[0.639s] byte-compiling /ws/install/lidar_camera_fusion/lib/python3.10/site-packages/lidar_camera_fusion/lidar_camera_fusion.py to lidar_camera_fusion.cpython-310.pyc
[0.641s] byte-compiling /ws/install/lidar_camera_fusion/lib/python3.10/site-packages/lidar_camera_fusion/__init__.py to __init__.cpython-310.pyc
[0.641s] running install_data
[0.641s] copying resource/lidar_camera_fusion -> /ws/install/lidar_camera_fusion/share/ament_index/resource_index/packages
[0.643s] copying package.xml -> /ws/install/lidar_camera_fusion/share/lidar_camera_fusion
[0.643s] copying launch/lidar_camera_fusion.launch.py -> /ws/install/lidar_camera_fusion/share/lidar_camera_fusion/launch
[0.644s] running install_egg_info
[0.645s] Copying ../../build/lidar_camera_fusion/lidar_camera_fusion.egg-info to /ws/install/lidar_camera_fusion/lib/python3.10/site-packages/lidar_camera_fusion-0.0.1-py3.10.egg-info
[0.646s] running install_scripts
[0.657s] Installing lidar_camera_fusion script to /ws/install/lidar_camera_fusion/lib/lidar_camera_fusion
[0.658s] writing list of installed files to '/ws/build/lidar_camera_fusion/install.log'
[0.683s] Invoked command in '/ws/src/lidar_camera_fusion' returned '0': PYTHONPATH=/ws/build/lidar_camera_fusion/prefix_override:/usr/lib/python3/dist-packages/colcon_core/task/python/colcon_distutils_commands:/ws/install/lidar_camera_fusion/lib/python3.10/site-packages:${PYTHONPATH} /usr/bin/python3 -W ignore:setup.py install is deprecated -W ignore:easy_install command is deprecated setup.py egg_info --egg-base ../../build/lidar_camera_fusion build --build-base /ws/build/lidar_camera_fusion/build install --record /ws/build/lidar_camera_fusion/install.log --single-version-externally-managed install_data --force
