[0.472s] Invoking command in '/ws/src/lidar_camera_fusion': PYTHONPATH=/ws/build/lidar_camera_fusion/prefix_override:/usr/lib/python3/dist-packages/colcon_core/task/python/colcon_distutils_commands:/ws/install/lidar_camera_fusion/lib/python3.10/site-packages:${PYTHONPATH} /usr/bin/python3 -W ignore:setup.py install is deprecated -W ignore:easy_install command is deprecated setup.py egg_info --egg-base ../../build/lidar_camera_fusion build --build-base /ws/build/lidar_camera_fusion/build install --record /ws/build/lidar_camera_fusion/install.log --single-version-externally-managed install_data
[0.567s] running egg_info
[0.567s] writing ../../build/lidar_camera_fusion/lidar_camera_fusion.egg-info/PKG-INFO
[0.567s] writing dependency_links to ../../build/lidar_camera_fusion/lidar_camera_fusion.egg-info/dependency_links.txt
[0.567s] writing entry points to ../../build/lidar_camera_fusion/lidar_camera_fusion.egg-info/entry_points.txt
[0.567s] writing requirements to ../../build/lidar_camera_fusion/lidar_camera_fusion.egg-info/requires.txt
[0.567s] writing top-level names to ../../build/lidar_camera_fusion/lidar_camera_fusion.egg-info/top_level.txt
[0.567s] reading manifest file '../../build/lidar_camera_fusion/lidar_camera_fusion.egg-info/SOURCES.txt'
[0.567s] writing manifest file '../../build/lidar_camera_fusion/lidar_camera_fusion.egg-info/SOURCES.txt'
[0.567s] running build
[0.567s] running build_py
[0.568s] running install
[0.568s] running install_lib
[0.568s] running install_data
[0.568s] running install_egg_info
[0.569s] removing '/ws/install/lidar_camera_fusion/lib/python3.10/site-packages/lidar_camera_fusion-0.0.1-py3.10.egg-info' (and everything under it)
[0.569s] Copying ../../build/lidar_camera_fusion/lidar_camera_fusion.egg-info to /ws/install/lidar_camera_fusion/lib/python3.10/site-packages/lidar_camera_fusion-0.0.1-py3.10.egg-info
[0.572s] running install_scripts
[0.583s] Installing lidar_camera_fusion script to /ws/install/lidar_camera_fusion/lib/lidar_camera_fusion
[0.583s] writing list of installed files to '/ws/build/lidar_camera_fusion/install.log'
[0.605s] Invoked command in '/ws/src/lidar_camera_fusion' returned '0': PYTHONPATH=/ws/build/lidar_camera_fusion/prefix_override:/usr/lib/python3/dist-packages/colcon_core/task/python/colcon_distutils_commands:/ws/install/lidar_camera_fusion/lib/python3.10/site-packages:${PYTHONPATH} /usr/bin/python3 -W ignore:setup.py install is deprecated -W ignore:easy_install command is deprecated setup.py egg_info --egg-base ../../build/lidar_camera_fusion build --build-base /ws/build/lidar_camera_fusion/build install --record /ws/build/lidar_camera_fusion/install.log --single-version-externally-managed install_data
