[0.213s] Invoking command in '/ws/src/detection_2_5d': PYTHONPATH=/ws/build/detection_2_5d/prefix_override:/usr/lib/python3/dist-packages/colcon_core/task/python/colcon_distutils_commands:/ws/install/detection_2_5d/lib/python3.10/site-packages: /usr/bin/python3 -W ignore:setup.py install is deprecated -W ignore:easy_install command is deprecated setup.py egg_info --egg-base ../../build/detection_2_5d build --build-base /ws/build/detection_2_5d/build install --record /ws/build/detection_2_5d/install.log --single-version-externally-managed install_data
[0.279s] running egg_info
[0.279s] writing ../../build/detection_2_5d/detection_2_5d.egg-info/PKG-INFO
[0.279s] writing dependency_links to ../../build/detection_2_5d/detection_2_5d.egg-info/dependency_links.txt
[0.279s] writing entry points to ../../build/detection_2_5d/detection_2_5d.egg-info/entry_points.txt
[0.279s] writing requirements to ../../build/detection_2_5d/detection_2_5d.egg-info/requires.txt
[0.279s] writing top-level names to ../../build/detection_2_5d/detection_2_5d.egg-info/top_level.txt
[0.280s] reading manifest file '../../build/detection_2_5d/detection_2_5d.egg-info/SOURCES.txt'
[0.280s] writing manifest file '../../build/detection_2_5d/detection_2_5d.egg-info/SOURCES.txt'
[0.280s] running build
[0.281s] running build_py
[0.281s] copying detection_2_5d/detection_2_5d.py -> /ws/build/detection_2_5d/build/lib/detection_2_5d
[0.281s] running install
[0.281s] running install_lib
[0.281s] copying /ws/build/detection_2_5d/build/lib/detection_2_5d/detection_2_5d.py -> /ws/install/detection_2_5d/lib/python3.10/site-packages/detection_2_5d
[0.281s] byte-compiling /ws/install/detection_2_5d/lib/python3.10/site-packages/detection_2_5d/detection_2_5d.py to detection_2_5d.cpython-310.pyc
[0.283s] running install_data
[0.283s] running install_egg_info
[0.284s] removing '/ws/install/detection_2_5d/lib/python3.10/site-packages/detection_2_5d-0.0.1-py3.10.egg-info' (and everything under it)
[0.284s] Copying ../../build/detection_2_5d/detection_2_5d.egg-info to /ws/install/detection_2_5d/lib/python3.10/site-packages/detection_2_5d-0.0.1-py3.10.egg-info
[0.284s] running install_scripts
[0.294s] Installing detection_2_5d script to /ws/install/detection_2_5d/lib/detection_2_5d
[0.294s] writing list of installed files to '/ws/build/detection_2_5d/install.log'
[0.305s] Invoked command in '/ws/src/detection_2_5d' returned '0': PYTHONPATH=/ws/build/detection_2_5d/prefix_override:/usr/lib/python3/dist-packages/colcon_core/task/python/colcon_distutils_commands:/ws/install/detection_2_5d/lib/python3.10/site-packages: /usr/bin/python3 -W ignore:setup.py install is deprecated -W ignore:easy_install command is deprecated setup.py egg_info --egg-base ../../build/detection_2_5d build --build-base /ws/build/detection_2_5d/build install --record /ws/build/detection_2_5d/install.log --single-version-externally-managed install_data
