running egg_info
writing ../../build/dbscan_clustering/dbscan_clustering.egg-info/PKG-INFO
writing dependency_links to ../../build/dbscan_clustering/dbscan_clustering.egg-info/dependency_links.txt
writing entry points to ../../build/dbscan_clustering/dbscan_clustering.egg-info/entry_points.txt
writing requirements to ../../build/dbscan_clustering/dbscan_clustering.egg-info/requires.txt
writing top-level names to ../../build/dbscan_clustering/dbscan_clustering.egg-info/top_level.txt
reading manifest file '../../build/dbscan_clustering/dbscan_clustering.egg-info/SOURCES.txt'
writing manifest file '../../build/dbscan_clustering/dbscan_clustering.egg-info/SOURCES.txt'
running build
running build_py
copying dbscan_clustering/dbscan_clustering.py -> /ws/build/dbscan_clustering/build/lib/dbscan_clustering
running install
running install_lib
copying /ws/build/dbscan_clustering/build/lib/dbscan_clustering/dbscan_clustering.py -> /ws/install/dbscan_clustering/lib/python3.10/site-packages/dbscan_clustering
byte-compiling /ws/install/dbscan_clustering/lib/python3.10/site-packages/dbscan_clustering/dbscan_clustering.py to dbscan_clustering.cpython-310.pyc
running install_data
copying package.xml -> /ws/install/dbscan_clustering/share/dbscan_clustering
running install_egg_info
removing '/ws/install/dbscan_clustering/lib/python3.10/site-packages/dbscan_clustering-0.0.1-py3.10.egg-info' (and everything under it)
Copying ../../build/dbscan_clustering/dbscan_clustering.egg-info to /ws/install/dbscan_clustering/lib/python3.10/site-packages/dbscan_clustering-0.0.1-py3.10.egg-info
running install_scripts
Installing dbscan_node script to /ws/install/dbscan_clustering/lib/dbscan_clustering
writing list of installed files to '/ws/build/dbscan_clustering/install.log'
