running egg_info
creating ../../build/detection_2_5d/detection_2_5d.egg-info
writing ../../build/detection_2_5d/detection_2_5d.egg-info/PKG-INFO
writing dependency_links to ../../build/detection_2_5d/detection_2_5d.egg-info/dependency_links.txt
writing entry points to ../../build/detection_2_5d/detection_2_5d.egg-info/entry_points.txt
writing requirements to ../../build/detection_2_5d/detection_2_5d.egg-info/requires.txt
writing top-level names to ../../build/detection_2_5d/detection_2_5d.egg-info/top_level.txt
writing manifest file '../../build/detection_2_5d/detection_2_5d.egg-info/SOURCES.txt'
reading manifest file '../../build/detection_2_5d/detection_2_5d.egg-info/SOURCES.txt'
writing manifest file '../../build/detection_2_5d/detection_2_5d.egg-info/SOURCES.txt'
running build
running build_py
creating /ws/build/detection_2_5d/build
creating /ws/build/detection_2_5d/build/lib
creating /ws/build/detection_2_5d/build/lib/detection_2_5d
copying detection_2_5d/detection_2_5d.py -> /ws/build/detection_2_5d/build/lib/detection_2_5d
copying detection_2_5d/__init__.py -> /ws/build/detection_2_5d/build/lib/detection_2_5d
running install
running install_lib
creating /ws/install/detection_2_5d/lib/python3.10/site-packages/detection_2_5d
copying /ws/build/detection_2_5d/build/lib/detection_2_5d/detection_2_5d.py -> /ws/install/detection_2_5d/lib/python3.10/site-packages/detection_2_5d
copying /ws/build/detection_2_5d/build/lib/detection_2_5d/__init__.py -> /ws/install/detection_2_5d/lib/python3.10/site-packages/detection_2_5d
byte-compiling /ws/install/detection_2_5d/lib/python3.10/site-packages/detection_2_5d/detection_2_5d.py to detection_2_5d.cpython-310.pyc
byte-compiling /ws/install/detection_2_5d/lib/python3.10/site-packages/detection_2_5d/__init__.py to __init__.cpython-310.pyc
running install_data
creating /ws/install/detection_2_5d/share/ament_index
creating /ws/install/detection_2_5d/share/ament_index/resource_index
creating /ws/install/detection_2_5d/share/ament_index/resource_index/packages
copying resource/detection_2_5d -> /ws/install/detection_2_5d/share/ament_index/resource_index/packages
copying package.xml -> /ws/install/detection_2_5d/share/detection_2_5d
creating /ws/install/detection_2_5d/share/detection_2_5d/launch
copying launch/detection_2_5d.launch.py -> /ws/install/detection_2_5d/share/detection_2_5d/launch
running install_egg_info
Copying ../../build/detection_2_5d/detection_2_5d.egg-info to /ws/install/detection_2_5d/lib/python3.10/site-packages/detection_2_5d-0.0.1-py3.10.egg-info
running install_scripts
Installing detection_2_5d script to /ws/install/detection_2_5d/lib/detection_2_5d
writing list of installed files to '/ws/build/detection_2_5d/install.log'
