[0.721s] Invoking command in '/ws/src/detection_mono': PYTHONPATH=/ws/build/detection_mono/prefix_override:/usr/lib/python3/dist-packages/colcon_core/task/python/colcon_distutils_commands:/ws/install/detection_mono/lib/python3.10/site-packages:${PYTHONPATH} /usr/bin/python3 -W ignore:setup.py install is deprecated -W ignore:easy_install command is deprecated setup.py egg_info --egg-base ../../build/detection_mono build --build-base /ws/build/detection_mono/build install --record /ws/build/detection_mono/install.log --single-version-externally-managed install_data
[0.830s] running egg_info
[0.831s] writing ../../build/detection_mono/detection_mono.egg-info/PKG-INFO
[0.832s] writing dependency_links to ../../build/detection_mono/detection_mono.egg-info/dependency_links.txt
[0.832s] writing entry points to ../../build/detection_mono/detection_mono.egg-info/entry_points.txt
[0.832s] writing requirements to ../../build/detection_mono/detection_mono.egg-info/requires.txt
[0.832s] writing top-level names to ../../build/detection_mono/detection_mono.egg-info/top_level.txt
[0.834s] reading manifest file '../../build/detection_mono/detection_mono.egg-info/SOURCES.txt'
[0.835s] writing manifest file '../../build/detection_mono/detection_mono.egg-info/SOURCES.txt'
[0.835s] running build
[0.835s] running build_py
[0.835s] running install
[0.835s] running install_lib
[0.837s] running install_data
[0.837s] copying launch/detection_mono.launch.py -> /ws/install/detection_mono/share/detection_mono/launch
[0.837s] running install_egg_info
[0.838s] removing '/ws/install/detection_mono/lib/python3.10/site-packages/detection_mono-0.0.1-py3.10.egg-info' (and everything under it)
[0.838s] Copying ../../build/detection_mono/detection_mono.egg-info to /ws/install/detection_mono/lib/python3.10/site-packages/detection_mono-0.0.1-py3.10.egg-info
[0.839s] running install_scripts
[0.854s] Installing detection_mono script to /ws/install/detection_mono/lib/detection_mono
[0.855s] writing list of installed files to '/ws/build/detection_mono/install.log'
[0.877s] Invoked command in '/ws/src/detection_mono' returned '0': PYTHONPATH=/ws/build/detection_mono/prefix_override:/usr/lib/python3/dist-packages/colcon_core/task/python/colcon_distutils_commands:/ws/install/detection_mono/lib/python3.10/site-packages:${PYTHONPATH} /usr/bin/python3 -W ignore:setup.py install is deprecated -W ignore:easy_install command is deprecated setup.py egg_info --egg-base ../../build/detection_mono build --build-base /ws/build/detection_mono/build install --record /ws/build/detection_mono/install.log --single-version-externally-managed install_data
