[0.848s] Invoking command in '/ws/src/detection_2_5d': PYTHONPATH=/ws/build/detection_2_5d/prefix_override:/usr/lib/python3/dist-packages/colcon_core/task/python/colcon_distutils_commands:/ws/install/detection_2_5d/lib/python3.10/site-packages:${PYTHONPATH} /usr/bin/python3 -W ignore:setup.py install is deprecated -W ignore:easy_install command is deprecated setup.py egg_info --egg-base ../../build/detection_2_5d build --build-base /ws/build/detection_2_5d/build install --record /ws/build/detection_2_5d/install.log --single-version-externally-managed install_data
[0.961s] running egg_info
[0.962s] writing ../../build/detection_2_5d/detection_2_5d.egg-info/PKG-INFO
[0.962s] writing dependency_links to ../../build/detection_2_5d/detection_2_5d.egg-info/dependency_links.txt
[0.962s] writing entry points to ../../build/detection_2_5d/detection_2_5d.egg-info/entry_points.txt
[0.962s] writing requirements to ../../build/detection_2_5d/detection_2_5d.egg-info/requires.txt
[0.962s] writing top-level names to ../../build/detection_2_5d/detection_2_5d.egg-info/top_level.txt
[0.963s] reading manifest file '../../build/detection_2_5d/detection_2_5d.egg-info/SOURCES.txt'
[0.963s] writing manifest file '../../build/detection_2_5d/detection_2_5d.egg-info/SOURCES.txt'
[0.963s] running build
[0.963s] running build_py
[0.963s] running install
[0.964s] running install_lib
[0.965s] running install_data
[0.965s] running install_egg_info
[0.966s] removing '/ws/install/detection_2_5d/lib/python3.10/site-packages/detection_2_5d-0.0.1-py3.10.egg-info' (and everything under it)
[0.966s] Copying ../../build/detection_2_5d/detection_2_5d.egg-info to /ws/install/detection_2_5d/lib/python3.10/site-packages/detection_2_5d-0.0.1-py3.10.egg-info
[0.967s] running install_scripts
[0.980s] Installing detection_2_5d script to /ws/install/detection_2_5d/lib/detection_2_5d
[0.980s] writing list of installed files to '/ws/build/detection_2_5d/install.log'
[0.995s] Invoked command in '/ws/src/detection_2_5d' returned '0': PYTHONPATH=/ws/build/detection_2_5d/prefix_override:/usr/lib/python3/dist-packages/colcon_core/task/python/colcon_distutils_commands:/ws/install/detection_2_5d/lib/python3.10/site-packages:${PYTHONPATH} /usr/bin/python3 -W ignore:setup.py install is deprecated -W ignore:easy_install command is deprecated setup.py egg_info --egg-base ../../build/detection_2_5d build --build-base /ws/build/detection_2_5d/build install --record /ws/build/detection_2_5d/install.log --single-version-externally-managed install_data
