[0.497s] Invoking command in '/ws/src/dbscan_clustering': PYTHONPATH=/ws/build/dbscan_clustering/prefix_override:/usr/lib/python3/dist-packages/colcon_core/task/python/colcon_distutils_commands:/ws/install/dbscan_clustering/lib/python3.10/site-packages:${PYTHONPATH} /usr/bin/python3 -W ignore:setup.py install is deprecated -W ignore:easy_install command is deprecated setup.py egg_info --egg-base ../../build/dbscan_clustering build --build-base /ws/build/dbscan_clustering/build install --record /ws/build/dbscan_clustering/install.log --single-version-externally-managed install_data
[0.587s] running egg_info
[0.588s] writing ../../build/dbscan_clustering/dbscan_clustering.egg-info/PKG-INFO
[0.588s] writing dependency_links to ../../build/dbscan_clustering/dbscan_clustering.egg-info/dependency_links.txt
[0.588s] writing entry points to ../../build/dbscan_clustering/dbscan_clustering.egg-info/entry_points.txt
[0.588s] writing requirements to ../../build/dbscan_clustering/dbscan_clustering.egg-info/requires.txt
[0.588s] writing top-level names to ../../build/dbscan_clustering/dbscan_clustering.egg-info/top_level.txt
[0.588s] reading manifest file '../../build/dbscan_clustering/dbscan_clustering.egg-info/SOURCES.txt'
[0.589s] writing manifest file '../../build/dbscan_clustering/dbscan_clustering.egg-info/SOURCES.txt'
[0.589s] running build
[0.589s] running build_py
[0.589s] running install
[0.589s] running install_lib
[0.590s] running install_data
[0.590s] copying launch/dbscan_clustering.launch.py -> /ws/install/dbscan_clustering/share/dbscan_clustering/launch
[0.590s] running install_egg_info
[0.591s] removing '/ws/install/dbscan_clustering/lib/python3.10/site-packages/dbscan_clustering-0.0.1-py3.10.egg-info' (and everything under it)
[0.591s] Copying ../../build/dbscan_clustering/dbscan_clustering.egg-info to /ws/install/dbscan_clustering/lib/python3.10/site-packages/dbscan_clustering-0.0.1-py3.10.egg-info
[0.592s] running install_scripts
[0.604s] Installing dbscan_node script to /ws/install/dbscan_clustering/lib/dbscan_clustering
[0.605s] writing list of installed files to '/ws/build/dbscan_clustering/install.log'
[0.635s] Invoked command in '/ws/src/dbscan_clustering' returned '0': PYTHONPATH=/ws/build/dbscan_clustering/prefix_override:/usr/lib/python3/dist-packages/colcon_core/task/python/colcon_distutils_commands:/ws/install/dbscan_clustering/lib/python3.10/site-packages:${PYTHONPATH} /usr/bin/python3 -W ignore:setup.py install is deprecated -W ignore:easy_install command is deprecated setup.py egg_info --egg-base ../../build/dbscan_clustering build --build-base /ws/build/dbscan_clustering/build install --record /ws/build/dbscan_clustering/install.log --single-version-externally-managed install_data
