[0.248s] Invoking command in '/ws/src/lidar_camera_fusion': PYTHONPATH=/ws/build/lidar_camera_fusion/prefix_override:/usr/lib/python3/dist-packages/colcon_core/task/python/colcon_distutils_commands:/ws/install/lidar_camera_fusion/lib/python3.10/site-packages: /usr/bin/python3 -W ignore:setup.py install is deprecated -W ignore:easy_install command is deprecated setup.py egg_info --egg-base ../../build/lidar_camera_fusion build --build-base /ws/build/lidar_camera_fusion/build install --record /ws/build/lidar_camera_fusion/install.log --single-version-externally-managed install_data
[0.314s] running egg_info
[0.315s] writing ../../build/lidar_camera_fusion/lidar_camera_fusion.egg-info/PKG-INFO
[0.315s] writing dependency_links to ../../build/lidar_camera_fusion/lidar_camera_fusion.egg-info/dependency_links.txt
[0.315s] writing entry points to ../../build/lidar_camera_fusion/lidar_camera_fusion.egg-info/entry_points.txt
[0.315s] writing requirements to ../../build/lidar_camera_fusion/lidar_camera_fusion.egg-info/requires.txt
[0.315s] writing top-level names to ../../build/lidar_camera_fusion/lidar_camera_fusion.egg-info/top_level.txt
[0.316s] reading manifest file '../../build/lidar_camera_fusion/lidar_camera_fusion.egg-info/SOURCES.txt'
[0.317s] writing manifest file '../../build/lidar_camera_fusion/lidar_camera_fusion.egg-info/SOURCES.txt'
[0.317s] running build
[0.317s] running build_py
[0.317s] copying lidar_camera_fusion/lidar_camera_fusion.py -> /ws/build/lidar_camera_fusion/build/lib/lidar_camera_fusion
[0.318s] running install
[0.318s] running install_lib
[0.318s] copying /ws/build/lidar_camera_fusion/build/lib/lidar_camera_fusion/lidar_camera_fusion.py -> /ws/install/lidar_camera_fusion/lib/python3.10/site-packages/lidar_camera_fusion
[0.318s] byte-compiling /ws/install/lidar_camera_fusion/lib/python3.10/site-packages/lidar_camera_fusion/lidar_camera_fusion.py to lidar_camera_fusion.cpython-310.pyc
[0.319s] running install_data
[0.319s] running install_egg_info
[0.320s] removing '/ws/install/lidar_camera_fusion/lib/python3.10/site-packages/lidar_camera_fusion-0.0.1-py3.10.egg-info' (and everything under it)
[0.320s] Copying ../../build/lidar_camera_fusion/lidar_camera_fusion.egg-info to /ws/install/lidar_camera_fusion/lib/python3.10/site-packages/lidar_camera_fusion-0.0.1-py3.10.egg-info
[0.321s] running install_scripts
[0.330s] Installing lidar_camera_fusion script to /ws/install/lidar_camera_fusion/lib/lidar_camera_fusion
[0.330s] writing list of installed files to '/ws/build/lidar_camera_fusion/install.log'
[0.340s] Invoked command in '/ws/src/lidar_camera_fusion' returned '0': PYTHONPATH=/ws/build/lidar_camera_fusion/prefix_override:/usr/lib/python3/dist-packages/colcon_core/task/python/colcon_distutils_commands:/ws/install/lidar_camera_fusion/lib/python3.10/site-packages: /usr/bin/python3 -W ignore:setup.py install is deprecated -W ignore:easy_install command is deprecated setup.py egg_info --egg-base ../../build/lidar_camera_fusion build --build-base /ws/build/lidar_camera_fusion/build install --record /ws/build/lidar_camera_fusion/install.log --single-version-externally-managed install_data
