[0.579s] Invoking command in '/ws/src/detection_2_5d': PYTHONPATH=/ws/build/detection_2_5d/prefix_override:/usr/lib/python3/dist-packages/colcon_core/task/python/colcon_distutils_commands:/ws/install/detection_2_5d/lib/python3.10/site-packages:${PYTHONPATH} /usr/bin/python3 -W ignore:setup.py install is deprecated -W ignore:easy_install command is deprecated setup.py egg_info --egg-base ../../build/detection_2_5d build --build-base /ws/build/detection_2_5d/build install --record /ws/build/detection_2_5d/install.log --single-version-externally-managed install_data
[0.670s] running egg_info
[0.670s] writing ../../build/detection_2_5d/detection_2_5d.egg-info/PKG-INFO
[0.670s] writing dependency_links to ../../build/detection_2_5d/detection_2_5d.egg-info/dependency_links.txt
[0.670s] writing entry points to ../../build/detection_2_5d/detection_2_5d.egg-info/entry_points.txt
[0.670s] writing requirements to ../../build/detection_2_5d/detection_2_5d.egg-info/requires.txt
[0.670s] writing top-level names to ../../build/detection_2_5d/detection_2_5d.egg-info/top_level.txt
[0.671s] reading manifest file '../../build/detection_2_5d/detection_2_5d.egg-info/SOURCES.txt'
[0.671s] writing manifest file '../../build/detection_2_5d/detection_2_5d.egg-info/SOURCES.txt'
[0.671s] running build
[0.671s] running build_py
[0.671s] copying detection_2_5d/detection_2_5d.py -> /ws/build/detection_2_5d/build/lib/detection_2_5d
[0.671s] running install
[0.671s] running install_lib
[0.672s] copying /ws/build/detection_2_5d/build/lib/detection_2_5d/detection_2_5d.py -> /ws/install/detection_2_5d/lib/python3.10/site-packages/detection_2_5d
[0.673s] byte-compiling /ws/install/detection_2_5d/lib/python3.10/site-packages/detection_2_5d/detection_2_5d.py to detection_2_5d.cpython-310.pyc
[0.676s] running install_data
[0.676s] copying launch/detection_2_5d.launch.py -> /ws/install/detection_2_5d/share/detection_2_5d/launch
[0.676s] running install_egg_info
[0.677s] removing '/ws/install/detection_2_5d/lib/python3.10/site-packages/detection_2_5d-0.0.1-py3.10.egg-info' (and everything under it)
[0.677s] Copying ../../build/detection_2_5d/detection_2_5d.egg-info to /ws/install/detection_2_5d/lib/python3.10/site-packages/detection_2_5d-0.0.1-py3.10.egg-info
[0.678s] running install_scripts
[0.689s] Installing detection_2_5d script to /ws/install/detection_2_5d/lib/detection_2_5d
[0.689s] writing list of installed files to '/ws/build/detection_2_5d/install.log'
[0.710s] Invoked command in '/ws/src/detection_2_5d' returned '0': PYTHONPATH=/ws/build/detection_2_5d/prefix_override:/usr/lib/python3/dist-packages/colcon_core/task/python/colcon_distutils_commands:/ws/install/detection_2_5d/lib/python3.10/site-packages:${PYTHONPATH} /usr/bin/python3 -W ignore:setup.py install is deprecated -W ignore:easy_install command is deprecated setup.py egg_info --egg-base ../../build/detection_2_5d build --build-base /ws/build/detection_2_5d/build install --record /ws/build/detection_2_5d/install.log --single-version-externally-managed install_data
