/ws/install/detections_2d/lib/python3.10/site-packages/detections_2d/old_batch.py
/ws/install/detections_2d/lib/python3.10/site-packages/detections_2d/tensor_rt.py
/ws/install/detections_2d/lib/python3.10/site-packages/detections_2d/__init__.py
/ws/install/detections_2d/lib/python3.10/site-packages/detections_2d/batch_2d.py
/ws/install/detections_2d/lib/python3.10/site-packages/detections_2d/single_2d.py
/ws/install/detections_2d/lib/python3.10/site-packages/detections_2d/__pycache__/old_batch.cpython-310.pyc
/ws/install/detections_2d/lib/python3.10/site-packages/detections_2d/__pycache__/tensor_rt.cpython-310.pyc
/ws/install/detections_2d/lib/python3.10/site-packages/detections_2d/__pycache__/__init__.cpython-310.pyc
/ws/install/detections_2d/lib/python3.10/site-packages/detections_2d/__pycache__/batch_2d.cpython-310.pyc
/ws/install/detections_2d/lib/python3.10/site-packages/detections_2d/__pycache__/single_2d.cpython-310.pyc
/ws/install/detections_2d/share/ament_index/resource_index/packages/detections_2d
/ws/install/detections_2d/share/detections_2d/package.xml
/ws/install/detections_2d/share/detections_2d/launch/tensor_rt.launch.py
/ws/install/detections_2d/share/detections_2d/launch/single_2d.launch.py
/ws/install/detections_2d/share/detections_2d/launch/old_batch.launch.py
/ws/install/detections_2d/share/detections_2d/launch/batch_2d.launch.py
/ws/install/detections_2d/lib/python3.10/site-packages/detections_2d-0.0.1-py3.10.egg-info/dependency_links.txt
/ws/install/detections_2d/lib/python3.10/site-packages/detections_2d-0.0.1-py3.10.egg-info/top_level.txt
/ws/install/detections_2d/lib/python3.10/site-packages/detections_2d-0.0.1-py3.10.egg-info/zip-safe
/ws/install/detections_2d/lib/python3.10/site-packages/detections_2d-0.0.1-py3.10.egg-info/PKG-INFO
/ws/install/detections_2d/lib/python3.10/site-packages/detections_2d-0.0.1-py3.10.egg-info/requires.txt
/ws/install/detections_2d/lib/python3.10/site-packages/detections_2d-0.0.1-py3.10.egg-info/SOURCES.txt
/ws/install/detections_2d/lib/python3.10/site-packages/detections_2d-0.0.1-py3.10.egg-info/entry_points.txt
/ws/install/detections_2d/lib/detections_2d/batch_2d
/ws/install/detections_2d/lib/detections_2d/old_batch
/ws/install/detections_2d/lib/detections_2d/serialized
/ws/install/detections_2d/lib/detections_2d/single_2d
