running egg_info
writing ../../build/lidar_camera_fusion/lidar_camera_fusion.egg-info/PKG-INFO
writing dependency_links to ../../build/lidar_camera_fusion/lidar_camera_fusion.egg-info/dependency_links.txt
writing entry points to ../../build/lidar_camera_fusion/lidar_camera_fusion.egg-info/entry_points.txt
writing requirements to ../../build/lidar_camera_fusion/lidar_camera_fusion.egg-info/requires.txt
writing top-level names to ../../build/lidar_camera_fusion/lidar_camera_fusion.egg-info/top_level.txt
reading manifest file '../../build/lidar_camera_fusion/lidar_camera_fusion.egg-info/SOURCES.txt'
writing manifest file '../../build/lidar_camera_fusion/lidar_camera_fusion.egg-info/SOURCES.txt'
running build
running build_py
running install
running install_lib
running install_data
copying launch/lidar_camera_fusion.launch.py -> /ws/install/lidar_camera_fusion/share/lidar_camera_fusion/launch
running install_egg_info
removing '/ws/install/lidar_camera_fusion/lib/python3.10/site-packages/lidar_camera_fusion-0.0.1-py3.10.egg-info' (and everything under it)
Copying ../../build/lidar_camera_fusion/lidar_camera_fusion.egg-info to /ws/install/lidar_camera_fusion/lib/python3.10/site-packages/lidar_camera_fusion-0.0.1-py3.10.egg-info
running install_scripts
Installing lidar_camera_fusion script to /ws/install/lidar_camera_fusion/lib/lidar_camera_fusion
writing list of installed files to '/ws/build/lidar_camera_fusion/install.log'
