running egg_info
creating ../../build/dbscan_clustering/dbscan_clustering.egg-info
writing ../../build/dbscan_clustering/dbscan_clustering.egg-info/PKG-INFO
writing dependency_links to ../../build/dbscan_clustering/dbscan_clustering.egg-info/dependency_links.txt
writing entry points to ../../build/dbscan_clustering/dbscan_clustering.egg-info/entry_points.txt
writing requirements to ../../build/dbscan_clustering/dbscan_clustering.egg-info/requires.txt
writing top-level names to ../../build/dbscan_clustering/dbscan_clustering.egg-info/top_level.txt
writing manifest file '../../build/dbscan_clustering/dbscan_clustering.egg-info/SOURCES.txt'
reading manifest file '../../build/dbscan_clustering/dbscan_clustering.egg-info/SOURCES.txt'
writing manifest file '../../build/dbscan_clustering/dbscan_clustering.egg-info/SOURCES.txt'
running build
running build_py
creating /ws/build/dbscan_clustering/build
creating /ws/build/dbscan_clustering/build/lib
creating /ws/build/dbscan_clustering/build/lib/dbscan_clustering
copying dbscan_clustering/__init__.py -> /ws/build/dbscan_clustering/build/lib/dbscan_clustering
copying dbscan_clustering/dbscan_clustering.py -> /ws/build/dbscan_clustering/build/lib/dbscan_clustering
running install
running install_lib
creating /ws/install/dbscan_clustering/lib/python3.10/site-packages/dbscan_clustering
copying /ws/build/dbscan_clustering/build/lib/dbscan_clustering/__init__.py -> /ws/install/dbscan_clustering/lib/python3.10/site-packages/dbscan_clustering
copying /ws/build/dbscan_clustering/build/lib/dbscan_clustering/dbscan_clustering.py -> /ws/install/dbscan_clustering/lib/python3.10/site-packages/dbscan_clustering
byte-compiling /ws/install/dbscan_clustering/lib/python3.10/site-packages/dbscan_clustering/__init__.py to __init__.cpython-310.pyc
byte-compiling /ws/install/dbscan_clustering/lib/python3.10/site-packages/dbscan_clustering/dbscan_clustering.py to dbscan_clustering.cpython-310.pyc
running install_data
creating /ws/install/dbscan_clustering/share/ament_index
creating /ws/install/dbscan_clustering/share/ament_index/resource_index
creating /ws/install/dbscan_clustering/share/ament_index/resource_index/packages
copying resource/dbscan_clustering -> /ws/install/dbscan_clustering/share/ament_index/resource_index/packages
copying package.xml -> /ws/install/dbscan_clustering/share/dbscan_clustering
creating /ws/install/dbscan_clustering/share/dbscan_clustering/launch
copying launch/dbscan_clustering.launch.py -> /ws/install/dbscan_clustering/share/dbscan_clustering/launch
running install_egg_info
Copying ../../build/dbscan_clustering/dbscan_clustering.egg-info to /ws/install/dbscan_clustering/lib/python3.10/site-packages/dbscan_clustering-0.0.1-py3.10.egg-info
running install_scripts
Installing dbscan_clustering script to /ws/install/dbscan_clustering/lib/dbscan_clustering
writing list of installed files to '/ws/build/dbscan_clustering/install.log'
