[0.563s] Invoking command in '/ws/src/dbscan_clustering': PYTHONPATH=/ws/build/dbscan_clustering/prefix_override:/usr/lib/python3/dist-packages/colcon_core/task/python/colcon_distutils_commands:/ws/install/dbscan_clustering/lib/python3.10/site-packages:${PYTHONPATH} /usr/bin/python3 -W ignore:setup.py install is deprecated -W ignore:easy_install command is deprecated setup.py egg_info --egg-base ../../build/dbscan_clustering build --build-base /ws/build/dbscan_clustering/build install --record /ws/build/dbscan_clustering/install.log --single-version-externally-managed install_data
[0.661s] running egg_info
[0.662s] creating ../../build/dbscan_clustering/dbscan_clustering.egg-info
[0.662s] writing ../../build/dbscan_clustering/dbscan_clustering.egg-info/PKG-INFO
[0.662s] writing dependency_links to ../../build/dbscan_clustering/dbscan_clustering.egg-info/dependency_links.txt
[0.662s] writing entry points to ../../build/dbscan_clustering/dbscan_clustering.egg-info/entry_points.txt
[0.662s] writing requirements to ../../build/dbscan_clustering/dbscan_clustering.egg-info/requires.txt
[0.662s] writing top-level names to ../../build/dbscan_clustering/dbscan_clustering.egg-info/top_level.txt
[0.662s] writing manifest file '../../build/dbscan_clustering/dbscan_clustering.egg-info/SOURCES.txt'
[0.663s] reading manifest file '../../build/dbscan_clustering/dbscan_clustering.egg-info/SOURCES.txt'
[0.663s] writing manifest file '../../build/dbscan_clustering/dbscan_clustering.egg-info/SOURCES.txt'
[0.663s] running build
[0.663s] running build_py
[0.663s] creating /ws/build/dbscan_clustering/build
[0.663s] creating /ws/build/dbscan_clustering/build/lib
[0.663s] creating /ws/build/dbscan_clustering/build/lib/dbscan_clustering
[0.665s] copying dbscan_clustering/__init__.py -> /ws/build/dbscan_clustering/build/lib/dbscan_clustering
[0.665s] copying dbscan_clustering/dbscan_clustering.py -> /ws/build/dbscan_clustering/build/lib/dbscan_clustering
[0.665s] running install
[0.665s] running install_lib
[0.666s] creating /ws/install/dbscan_clustering/lib/python3.10/site-packages/dbscan_clustering
[0.666s] copying /ws/build/dbscan_clustering/build/lib/dbscan_clustering/__init__.py -> /ws/install/dbscan_clustering/lib/python3.10/site-packages/dbscan_clustering
[0.666s] copying /ws/build/dbscan_clustering/build/lib/dbscan_clustering/dbscan_clustering.py -> /ws/install/dbscan_clustering/lib/python3.10/site-packages/dbscan_clustering
[0.667s] byte-compiling /ws/install/dbscan_clustering/lib/python3.10/site-packages/dbscan_clustering/__init__.py to __init__.cpython-310.pyc
[0.667s] byte-compiling /ws/install/dbscan_clustering/lib/python3.10/site-packages/dbscan_clustering/dbscan_clustering.py to dbscan_clustering.cpython-310.pyc
[0.668s] running install_data
[0.668s] creating /ws/install/dbscan_clustering/share/ament_index
[0.668s] creating /ws/install/dbscan_clustering/share/ament_index/resource_index
[0.668s] creating /ws/install/dbscan_clustering/share/ament_index/resource_index/packages
[0.668s] copying resource/dbscan_clustering -> /ws/install/dbscan_clustering/share/ament_index/resource_index/packages
[0.668s] copying package.xml -> /ws/install/dbscan_clustering/share/dbscan_clustering
[0.668s] creating /ws/install/dbscan_clustering/share/dbscan_clustering/launch
[0.668s] copying launch/dbscan_clustering.launch.py -> /ws/install/dbscan_clustering/share/dbscan_clustering/launch
[0.669s] running install_egg_info
[0.669s] Copying ../../build/dbscan_clustering/dbscan_clustering.egg-info to /ws/install/dbscan_clustering/lib/python3.10/site-packages/dbscan_clustering-0.0.1-py3.10.egg-info
[0.670s] running install_scripts
[0.680s] Installing dbscan_clustering script to /ws/install/dbscan_clustering/lib/dbscan_clustering
[0.680s] writing list of installed files to '/ws/build/dbscan_clustering/install.log'
[0.701s] Invoked command in '/ws/src/dbscan_clustering' returned '0': PYTHONPATH=/ws/build/dbscan_clustering/prefix_override:/usr/lib/python3/dist-packages/colcon_core/task/python/colcon_distutils_commands:/ws/install/dbscan_clustering/lib/python3.10/site-packages:${PYTHONPATH} /usr/bin/python3 -W ignore:setup.py install is deprecated -W ignore:easy_install command is deprecated setup.py egg_info --egg-base ../../build/dbscan_clustering build --build-base /ws/build/dbscan_clustering/build install --record /ws/build/dbscan_clustering/install.log --single-version-externally-managed install_data
