[0.717s] Invoking command in '/ws/src/detection_2_5d': PYTHONPATH=/ws/build/detection_2_5d/prefix_override:/usr/lib/python3/dist-packages/colcon_core/task/python/colcon_distutils_commands:/ws/install/detection_2_5d/lib/python3.10/site-packages:${PYTHONPATH} /usr/bin/python3 -W ignore:setup.py install is deprecated -W ignore:easy_install command is deprecated setup.py egg_info --egg-base ../../build/detection_2_5d build --build-base /ws/build/detection_2_5d/build install --record /ws/build/detection_2_5d/install.log --single-version-externally-managed install_data
[0.810s] running egg_info
[0.810s] writing ../../build/detection_2_5d/detection_2_5d.egg-info/PKG-INFO
[0.810s] writing dependency_links to ../../build/detection_2_5d/detection_2_5d.egg-info/dependency_links.txt
[0.810s] writing entry points to ../../build/detection_2_5d/detection_2_5d.egg-info/entry_points.txt
[0.810s] writing requirements to ../../build/detection_2_5d/detection_2_5d.egg-info/requires.txt
[0.810s] writing top-level names to ../../build/detection_2_5d/detection_2_5d.egg-info/top_level.txt
[0.812s] reading manifest file '../../build/detection_2_5d/detection_2_5d.egg-info/SOURCES.txt'
[0.812s] writing manifest file '../../build/detection_2_5d/detection_2_5d.egg-info/SOURCES.txt'
[0.812s] running build
[0.812s] running build_py
[0.812s] running install
[0.813s] running install_lib
[0.813s] running install_data
[0.813s] running install_egg_info
[0.815s] removing '/ws/install/detection_2_5d/lib/python3.10/site-packages/detection_2_5d-0.0.1-py3.10.egg-info' (and everything under it)
[0.815s] Copying ../../build/detection_2_5d/detection_2_5d.egg-info to /ws/install/detection_2_5d/lib/python3.10/site-packages/detection_2_5d-0.0.1-py3.10.egg-info
[0.816s] running install_scripts
[0.828s] Installing detection_2_5d script to /ws/install/detection_2_5d/lib/detection_2_5d
[0.828s] writing list of installed files to '/ws/build/detection_2_5d/install.log'
[0.852s] Invoked command in '/ws/src/detection_2_5d' returned '0': PYTHONPATH=/ws/build/detection_2_5d/prefix_override:/usr/lib/python3/dist-packages/colcon_core/task/python/colcon_distutils_commands:/ws/install/detection_2_5d/lib/python3.10/site-packages:${PYTHONPATH} /usr/bin/python3 -W ignore:setup.py install is deprecated -W ignore:easy_install command is deprecated setup.py egg_info --egg-base ../../build/detection_2_5d build --build-base /ws/build/detection_2_5d/build install --record /ws/build/detection_2_5d/install.log --single-version-externally-managed install_data
